BL51 BANKED LINKER/LOCATER V6.22.2.0                                                    10/13/2019  12:56:47  PAGE 1


BL51 BANKED LINKER/LOCATER V6.22.2.0, INVOKED BY:
D:\KEIL_V5\C51\BIN\BL51.EXE .\Objects\BLHeli_S.obj TO .\Objects\BLHeli_s PRINT (.\Listings\BLHeli_s.m51) RAMSIZE (256)


INPUT MODULES INCLUDED:
  .\Objects\BLHeli_S.obj (BLHELI_S)


LINK MAP OF MODULE:  .\Objects\BLHeli_s (BLHELI_S)


            TYPE    BASE      LENGTH    RELOCATION   SEGMENT NAME
            -----------------------------------------------------

            * * * * * * *   D A T A   M E M O R Y   * * * * * * *
            REG     0000H     0008H     ABSOLUTE     "REG BANK 0"
                    0008H     0018H                  *** GAP ***
            DATA    0020H     000BH     ABSOLUTE     
                    002BH     0005H                  *** GAP ***
            DATA    0030H     003FH     ABSOLUTE     
                    006FH     0011H                  *** GAP ***
            IDATA   0080H     0027H     ABSOLUTE     
                    00A7H     0029H                  *** GAP ***
            IDATA   00D0H     0030H     ABSOLUTE     

            * * * * * * *   C O D E   M E M O R Y   * * * * * * *
            CODE    0000H     0003H     ABSOLUTE     
            CODE    0003H     0002H     ABSOLUTE     
                    0005H     000EH                  *** GAP ***
            CODE    0013H     0002H     ABSOLUTE     
                    0015H     0006H                  *** GAP ***
            CODE    001BH     0002H     ABSOLUTE     
                    001DH     000EH                  *** GAP ***
            CODE    002BH     0002H     ABSOLUTE     
                    002DH     002EH                  *** GAP ***
            CODE    005BH     0002H     ABSOLUTE     
                    005DH     0016H                  *** GAP ***
            CODE    0073H     0002H     ABSOLUTE     
                    0075H     000BH                  *** GAP ***
            CODE    0080H     1452H     ABSOLUTE     
                    14D2H     052BH                  *** GAP ***
            CODE    19FDH     0003H     ABSOLUTE     
            CODE    1A00H     002AH     ABSOLUTE     
                    1A2AH     0016H                  *** GAP ***
            CODE    1A40H     0010H     ABSOLUTE     
            CODE    1A50H     0010H     ABSOLUTE     
            CODE    1A60H     0010H     ABSOLUTE     
                    1A70H     0190H                  *** GAP ***
            CODE    1C00H     01F6H     ABSOLUTE     



SYMBOL TABLE OF MODULE:  .\Objects\BLHeli_s (BLHELI_S)

  VALUE           TYPE          NAME
  ----------------------------------

  -------         MODULE        BLHELI_S
BL51 BANKED LINKER/LOCATER V6.22.2.0                                                  10/13/2019  12:56:47  PAGE 2


  C:1C31H         SYMBOL        ABD
  D:00E0H         SYMBOL        ACC
  B:00E0H.0       SYMBOL        ACC_ACC0
  B:00E0H.1       SYMBOL        ACC_ACC1
  B:00E0H.2       SYMBOL        ACC_ACC2
  B:00E0H.3       SYMBOL        ACC_ACC3
  B:00E0H.4       SYMBOL        ACC_ACC4
  B:00E0H.5       SYMBOL        ACC_ACC5
  B:00E0H.6       SYMBOL        ACC_ACC6
  B:00E0H.7       SYMBOL        ACC_ACC7
  N:0000H         SYMBOL        ACOMFET
  D:00BDH         SYMBOL        ADC0
  D:00B3H         SYMBOL        ADC0AC
  D:00BCH         SYMBOL        ADC0CF
  D:00E8H         SYMBOL        ADC0CN0
  B:00E8H.6       SYMBOL        ADC0CN0_ADBMEN
  B:00E8H.4       SYMBOL        ADC0CN0_ADBUSY
  B:00E8H.0       SYMBOL        ADC0CN0_ADCM0
  B:00E8H.1       SYMBOL        ADC0CN0_ADCM1
  B:00E8H.2       SYMBOL        ADC0CN0_ADCM2
  B:00E8H.7       SYMBOL        ADC0CN0_ADEN
  B:00E8H.5       SYMBOL        ADC0CN0_ADINT
  B:00E8H.3       SYMBOL        ADC0CN0_ADWINT
  D:00B2H         SYMBOL        ADC0CN1
  N:000AH         SYMBOL        ADC0EOC_IRQN
  D:00C3H         SYMBOL        ADC0GT
  D:00C4H         SYMBOL        ADC0GTH
  D:00C3H         SYMBOL        ADC0GTL
  D:00BEH         SYMBOL        ADC0H
  D:00BDH         SYMBOL        ADC0L
  D:00C5H         SYMBOL        ADC0LT
  D:00C6H         SYMBOL        ADC0LTH
  D:00C5H         SYMBOL        ADC0LTL
  D:00BBH         SYMBOL        ADC0MX
  D:00DFH         SYMBOL        ADC0PWR
  D:00B9H         SYMBOL        ADC0TK
  N:0009H         SYMBOL        ADC0WC_IRQN
  D:005EH         SYMBOL        ADC_CONVERSION_CNT
  C:07E9H         SYMBOL        ADJUST_TIMING_TWO_STEPS
  C:084EH         SYMBOL        ADJUST_TIMING_TWO_STEPS_FAST
  N:0005H         SYMBOL        APWMFET
  C:0F2BH         SYMBOL        ARMING_CHECK
  C:0F22H         SYMBOL        ARMING_INITIAL_ARM_CHECK
  C:0F0CH         SYMBOL        ARMING_START
  C:0FC6H         SYMBOL        ARM_END_BEEP
  C:0CEDH         SYMBOL        AVERAGE_THROTTLE
  C:0D0CH         SYMBOL        AVERAGE_THROTTLE_DIV
  C:0CFDH         SYMBOL        AVERAGE_THROTTLE_MEAS
  N:0001H         SYMBOL        A_
  D:00F0H         SYMBOL        B
  D:0025H         SYMBOL        BAUDH
  D:0024H         SYMBOL        BAUDL
  N:FFE6H         SYMBOL        BAUDTIME
  N:0001H         SYMBOL        BCOMFET
  C:0AE4H         SYMBOL        BEEP
  C:0B17H         SYMBOL        BEEP_APWMFET_OFF
  C:0B07H         SYMBOL        BEEP_APWMFET_ON
BL51 BANKED LINKER/LOCATER V6.22.2.0                                                  10/13/2019  12:56:47  PAGE 3


  C:0B1CH         SYMBOL        BEEP_CPWMFET_OFF
  C:0B0CH         SYMBOL        BEEP_CPWMFET_ON
  C:0FFEH         SYMBOL        BEEP_DELAY_SET
  C:0ACCH         SYMBOL        BEEP_F1
  C:0AD2H         SYMBOL        BEEP_F2
  C:0AD8H         SYMBOL        BEEP_F3
  C:0ADEH         SYMBOL        BEEP_F4
  C:0B25H         SYMBOL        BEEP_OFF
  C:0AECH         SYMBOL        BEEP_ONOFF
  C:0AEAH         SYMBOL        BEEP_START
  D:0064H         SYMBOL        BEEP_STRENGTH
  D:0020H         SYMBOL        BIT_ACCESS
  D:0021H         SYMBOL        BIT_ACCESS_INT
  D:0026H         SYMBOL        BIT_CNT
  D:0020H         SYMBOL        BIT_REG
  D:0029H         SYMBOL        BL_FLASH_KEY_1
  D:002AH         SYMBOL        BL_FLASH_KEY_2
  C:0DB5H         SYMBOL        BOOTLOADER_DONE
  N:4B00H         SYMBOL        BOOT_BAUDRATE
  N:1E10H         SYMBOL        BOOT_DELAY
  C:1DF2H         SYMBOL        BOOT_INFO
  C:1DEEH         SYMBOL        BOOT_MSG
  N:0001H         SYMBOL        BOOT_PAGES
  C:1DE8H         SYMBOL        BOOT_SIGN
  N:1C00H         SYMBOL        BOOT_START
  N:0006H         SYMBOL        BOOT_VERSION
  N:0004H         SYMBOL        BPWMFET
  D:0028H         SYMBOL        BYTE_CNTH
  D:0027H         SYMBOL        BYTE_CNTL
  D:0021H         SYMBOL        BYTE_REG
  N:0002H         SYMBOL        B_
  B:00F0H.0       SYMBOL        B_B0
  B:00F0H.1       SYMBOL        B_B1
  B:00F0H.2       SYMBOL        B_B2
  B:00F0H.3       SYMBOL        B_B3
  B:00F0H.4       SYMBOL        B_B4
  B:00F0H.5       SYMBOL        B_B5
  B:00F0H.6       SYMBOL        B_B6
  B:00F0H.7       SYMBOL        B_B7
  C:072CH         SYMBOL        CALC_NEW_WAIT_PER_DEMAG_DONE
  C:0710H         SYMBOL        CALC_NEW_WAIT_PER_STARTUP_DONE
  C:07B7H         SYMBOL        CALC_NEW_WAIT_TIMES
  C:0758H         SYMBOL        CALC_NEW_WAIT_TIMES_EXIT
  C:0835H         SYMBOL        CALC_NEW_WAIT_TIMES_FAST
  C:07A3H         SYMBOL        CALC_NEW_WAIT_TIMES_FAST_DONE
  C:0701H         SYMBOL        CALC_NEW_WAIT_TIMES_SETUP
  C:06D3H         SYMBOL        CALC_NEXT_COMM_AVG_PERIOD_DIV
  C:06E6H         SYMBOL        CALC_NEXT_COMM_NEW_PERIOD_DIV
  C:06EFH         SYMBOL        CALC_NEXT_COMM_NEW_PERIOD_DIV_DONE
  C:06B4H         SYMBOL        CALC_NEXT_COMM_NORMAL
  C:0676H         SYMBOL        CALC_NEXT_COMM_STARTUP
  C:0699H         SYMBOL        CALC_NEXT_COMM_STARTUP_AVERAGE
  C:0686H         SYMBOL        CALC_NEXT_COMM_STARTUP_NO_X
  C:064BH         SYMBOL        CALC_NEXT_COMM_TIMING
  C:075BH         SYMBOL        CALC_NEXT_COMM_TIMING_FAST
  N:0002H         SYMBOL        CCOMFET
  D:0034H         SYMBOL        CENTER_THROTTLE_H
BL51 BANKED LINKER/LOCATER V6.22.2.0                                                  10/13/2019  12:56:47  PAGE 4


  D:0033H         SYMBOL        CENTER_THROTTLE_L
  C:104FH         SYMBOL        CHECK_DSHOT_CMD
  C:05CEH         SYMBOL        CHECK_TEMP_VOLTAGE_AND_LIMIT_POWER
  C:062AH         SYMBOL        CHECK_VOLTAGE_START
  D:008EH         SYMBOL        CKCON0
  C:11E3H         SYMBOL        CLEAR_DSHOT_CMD
  C:0D7DH         SYMBOL        CLEAR_RAM
  D:00A9H         SYMBOL        CLKSEL
  D:0066H         SYMBOL        CLOCK_SET_AT_48MHZ
  D:009BH         SYMBOL        CMP0CN0
  D:009DH         SYMBOL        CMP0MD
  D:009FH         SYMBOL        CMP0MX
  N:000CH         SYMBOL        CMP0_IRQN
  D:00BFH         SYMBOL        CMP1CN0
  D:00ABH         SYMBOL        CMP1MD
  D:00AAH         SYMBOL        CMP1MX
  N:000DH         SYMBOL        CMP1_IRQN
  C:0A0EH         SYMBOL        COMM12_REV
  C:09FBH         SYMBOL        COMM1COMM2
  C:0A31H         SYMBOL        COMM23_REV
  C:0A1EH         SYMBOL        COMM2COMM3
  C:0A54H         SYMBOL        COMM34_REV
  C:0A41H         SYMBOL        COMM3COMM4
  C:0A77H         SYMBOL        COMM45_REV
  C:0A64H         SYMBOL        COMM4COMM5
  C:0A9AH         SYMBOL        COMM56_REV
  C:0A87H         SYMBOL        COMM5COMM6
  C:0ABDH         SYMBOL        COMM61_REV
  C:0AAAH         SYMBOL        COMM6COMM1
  C:0ACBH         SYMBOL        COMM_EXIT
  D:0048H         SYMBOL        COMM_PERIOD4X_H
  D:0047H         SYMBOL        COMM_PERIOD4X_L
  D:0049H         SYMBOL        COMPARATOR_READ_CNT
  C:08F7H         SYMBOL        COMP_CHECK_TIMEOUT
  C:0908H         SYMBOL        COMP_CHECK_TIMEOUT_EXTEND_TIMEOUT
  C:090AH         SYMBOL        COMP_CHECK_TIMEOUT_NOT_TIMED_OUT
  C:0904H         SYMBOL        COMP_CHECK_TIMEOUT_TIMEOUT_EXTENDED
  N:0002H         SYMBOL        COMP_COM
  C:0961H         SYMBOL        COMP_READ_OK
  C:0973H         SYMBOL        COMP_READ_OK_JMP
  C:0915H         SYMBOL        COMP_READ_WRONG
  C:092EH         SYMBOL        COMP_READ_WRONG_EXTEND_TIMEOUT
  C:0957H         SYMBOL        COMP_READ_WRONG_LOAD_TIMEOUT
  C:094AH         SYMBOL        COMP_READ_WRONG_LOW_RPM
  C:0921H         SYMBOL        COMP_READ_WRONG_NOT_STARTUP
  C:093FH         SYMBOL        COMP_READ_WRONG_TIMEOUT_SET
  C:08F7H         SYMBOL        COMP_SCALE_SAMPLES
  N:0002H         SYMBOL        COMP_TIMED_OUT
  N:0003H         SYMBOL        CPWMFET
  D:00D2H         SYMBOL        CRC0AUTO
  D:00CEH         SYMBOL        CRC0CN0
  D:00D3H         SYMBOL        CRC0CNT
  D:00DEH         SYMBOL        CRC0DAT
  D:00CFH         SYMBOL        CRC0FLIP
  D:00DDH         SYMBOL        CRC0IN
  D:0023H         SYMBOL        CRCH
  D:0022H         SYMBOL        CRCL
BL51 BANKED LINKER/LOCATER V6.22.2.0                                                  10/13/2019  12:56:47  PAGE 5


  D:005FH         SYMBOL        CURRENT_AVERAGE_TEMP
  D:005AH         SYMBOL        CURRENT_POWER_PWM_REG_H
  N:0003H         SYMBOL        C_
  D:0059H         SYMBOL        DAMP_PWM_REG_H
  D:0058H         SYMBOL        DAMP_PWM_REG_L
  N:0000H         SYMBOL        DEBUGPIN
  C:0C0CH         SYMBOL        DECODE_DEMAG_DONE
  C:0C06H         SYMBOL        DECODE_DEMAG_HIGH
  C:0BCAH         SYMBOL        DECODE_SETTINGS
  C:0C18H         SYMBOL        DECODE_TEMP_DONE
  C:0C14H         SYMBOL        DECODE_TEMP_STEP
  N:0004H         SYMBOL        DEFAULT_PGM_BEACON_DELAY
  N:0050H         SYMBOL        DEFAULT_PGM_BEACON_STRENGTH
  N:0028H         SYMBOL        DEFAULT_PGM_BEEP_STRENGTH
  N:0000H         SYMBOL        DEFAULT_PGM_BRAKE_ON_STOP
  N:007AH         SYMBOL        DEFAULT_PGM_CENTER_THROTTLE
  N:0003H         SYMBOL        DEFAULT_PGM_COMM_TIMING
  N:0002H         SYMBOL        DEFAULT_PGM_DEMAG_COMP
  N:0001H         SYMBOL        DEFAULT_PGM_DIRECTION
  N:0001H         SYMBOL        DEFAULT_PGM_ENABLE_POWER_PROT
  N:0007H         SYMBOL        DEFAULT_PGM_ENABLE_TEMP_PROT
  N:0001H         SYMBOL        DEFAULT_PGM_ENABLE_TX_PROGRAM
  N:0000H         SYMBOL        DEFAULT_PGM_LED_CONTROL
  N:00D0H         SYMBOL        DEFAULT_PGM_MAX_THROTTLE
  N:0025H         SYMBOL        DEFAULT_PGM_MIN_THROTTLE
  N:0009H         SYMBOL        DEFAULT_PGM_STARTUP_PWR
  N:0001H         SYMBOL        DEMAG_DETECTED
  D:003DH         SYMBOL        DEMAG_DETECTED_METRIC
  D:003EH         SYMBOL        DEMAG_PWR_OFF_THRESH
  D:00ADH         SYMBOL        DERIVID
  D:00B5H         SYMBOL        DEVICEID
  C:12C7H         SYMBOL        DIRECT_START_CHECK_RCP
  N:0003H         SYMBOL        DIR_CHANGE_BRAKE
  C:11E9H         SYMBOL        DONT_CLEAR_DSHOT_CMD
  D:0082H         SYMBOL        DP
  D:0083H         SYMBOL        DPH
  D:0082H         SYMBOL        DPL
  C:106DH         SYMBOL        DSHOT_BEEP_2
  C:108BH         SYMBOL        DSHOT_BEEP_3
  C:10A9H         SYMBOL        DSHOT_BEEP_4
  C:10C7H         SYMBOL        DSHOT_BEEP_5
  D:0052H         SYMBOL        DSHOT_CMD
  D:0053H         SYMBOL        DSHOT_CMD_CNT
  C:10E5H         SYMBOL        DSHOT_DIRECTION_1
  C:1105H         SYMBOL        DSHOT_DIRECTION_2
  C:1125H         SYMBOL        DSHOT_DIRECTION_BIDIR_OFF
  C:1143H         SYMBOL        DSHOT_DIRECTION_BIDIR_ON
  C:1160H         SYMBOL        DSHOT_DIRECTION_NORMAL
  C:118CH         SYMBOL        DSHOT_DIRECTION_REVERSE
  D:006EH         SYMBOL        DSHOT_FRAME_LENGTH_THR
  D:006DH         SYMBOL        DSHOT_FRAME_START_H
  D:006CH         SYMBOL        DSHOT_FRAME_START_L
  D:006AH         SYMBOL        DSHOT_PWM_THR
  C:11CBH         SYMBOL        DSHOT_SAVE_SETTINGS
  D:006BH         SYMBOL        DSHOT_TIMER_PRESET
  N:0004H         SYMBOL        D_
  N:0010H         SYMBOL        EEPROM_FW_MAIN_REVISION
BL51 BANKED LINKER/LOCATER V6.22.2.0                                                  10/13/2019  12:56:47  PAGE 6


  N:0007H         SYMBOL        EEPROM_FW_SUB_REVISION
  N:0021H         SYMBOL        EEPROM_LAYOUT_REVISION
  C:1A29H         SYMBOL        EEP_DUMMY
  C:1A0FH         SYMBOL        EEP_ENABLE_TX_PROGRAM
  C:1A40H         SYMBOL        EEP_ESC_LAYOUT
  C:1A50H         SYMBOL        EEP_ESC_MCU
  C:1A00H         SYMBOL        EEP_FW_MAIN_REVISION
  C:1A01H         SYMBOL        EEP_FW_SUB_REVISION
  C:1A0EH         SYMBOL        EEP_INITIALIZED_H
  C:1A0DH         SYMBOL        EEP_INITIALIZED_L
  C:1A02H         SYMBOL        EEP_LAYOUT_REVISION
  C:1A60H         SYMBOL        EEP_NAME
  C:1A1DH         SYMBOL        EEP_PGM_BEACON_DELAY
  C:1A1CH         SYMBOL        EEP_PGM_BEACON_STRENGTH
  C:1A1BH         SYMBOL        EEP_PGM_BEEP_STRENGTH
  C:1A27H         SYMBOL        EEP_PGM_BRAKE_ON_STOP
  C:1A21H         SYMBOL        EEP_PGM_CENTER_THROTTLE
  C:1A15H         SYMBOL        EEP_PGM_COMM_TIMING
  C:1A1FH         SYMBOL        EEP_PGM_DEMAG_COMP
  C:1A0BH         SYMBOL        EEP_PGM_DIRECTION
  C:1A24H         SYMBOL        EEP_PGM_ENABLE_POWER_PROT
  C:1A28H         SYMBOL        EEP_PGM_LED_CONTROL
  C:1A1AH         SYMBOL        EEP_PGM_MAX_THROTTLE
  C:1A19H         SYMBOL        EEP_PGM_MIN_THROTTLE
  C:1A09H         SYMBOL        EEP_PGM_STARTUP_PWR
  C:1A23H         SYMBOL        EEP_PGM_TEMP_PROT_ENABLE
  D:00E6H         SYMBOL        EIE1
  D:00F3H         SYMBOL        EIP1
  C:13CEH         SYMBOL        ERASE_AND_STORE_ALL_IN_EEPROM
  C:1427H         SYMBOL        ERASE_FLASH
  N:00C1H         SYMBOL        ERRORCOMMAND
  N:00C2H         SYMBOL        ERRORCRC
  N:00C5H         SYMBOL        ERRORPROG
  N:00C0H         SYMBOL        ERRORVERIFY
  N:000BH         SYMBOL        ESCNO
  C:0995H         SYMBOL        EVALUATE_COMPARATOR_INTEGRITY
  C:09A2H         SYMBOL        EVAL_COMP_CHECK_TIMEOUT
  C:09B2H         SYMBOL        EVAL_COMP_EXIT
  C:1CBAH         SYMBOL        EXIT
  N:0005H         SYMBOL        E_
  N:000FH         SYMBOL        FETON_DELAY
  C:0C9EH         SYMBOL        FIND_THROTTLE_GAIN
  C:0C38H         SYMBOL        FIND_THROTTLE_GAINS
  C:0C71H         SYMBOL        FIND_THROTTLE_GAINS_BIDIR_DONE
  C:0C4CH         SYMBOL        FIND_THROTTLE_GAINS_NORMAL
  C:0C97H         SYMBOL        FIND_THROTTLE_GAIN_FWD
  C:0CC9H         SYMBOL        FIND_THROTTLE_GAIN_LOOP
  D:0024H         SYMBOL        FLAGS0
  D:0025H         SYMBOL        FLAGS1
  D:0026H         SYMBOL        FLAGS2
  D:0027H         SYMBOL        FLAGS3
  D:0067H         SYMBOL        FLASH_KEY_1
  D:0068H         SYMBOL        FLASH_KEY_2
  D:00B7H         SYMBOL        FLKEY
  N:0006H         SYMBOL        F_
  C:1D96H         SYMBOL        GET1
  C:1DABH         SYMBOL        GET2
BL51 BANKED LINKER/LOCATER V6.22.2.0                                                  10/13/2019  12:56:47  PAGE 7


  C:1DCFH         SYMBOL        GET3
  C:1D91H         SYMBOL        GETC
  C:1D8DH         SYMBOL        GETW
  C:1D9BH         SYMBOL        GETX
  N:0007H         SYMBOL        G_
  D:00C7H         SYMBOL        HFO0CAL
  N:0004H         SYMBOL        HIGH_RPM
  N:0008H         SYMBOL        H_
  C:1C4DH         SYMBOL        ID1
  C:1C58H         SYMBOL        ID3
  C:1C63H         SYMBOL        ID4
  C:1C70H         SYMBOL        ID5
  D:00A8H         SYMBOL        IE
  B:00A8H.7       SYMBOL        IE_EA
  B:00A8H.4       SYMBOL        IE_ES0
  B:00A8H.6       SYMBOL        IE_ESPI0
  B:00A8H.1       SYMBOL        IE_ET0
  B:00A8H.3       SYMBOL        IE_ET1
  B:00A8H.5       SYMBOL        IE_ET2
  B:00A8H.0       SYMBOL        IE_EX0
  B:00A8H.2       SYMBOL        IE_EX1
  C:1C7AH         SYMBOL        IN1
  C:1C00H         SYMBOL        INIT
  I:008BH         SYMBOL        INITIALIZED_H_DUMMY
  I:008AH         SYMBOL        INITIALIZED_L_DUMMY
  C:0644H         SYMBOL        INITIALIZE_TIMING
  D:0030H         SYMBOL        INITIAL_ARM
  C:12E4H         SYMBOL        INITIAL_RUN_CHECK_STARTUP_ROT
  C:12F0H         SYMBOL        INITIAL_RUN_CONTINUE_RUN
  N:0001H         SYMBOL        INITIAL_RUN_PHASE
  C:12F5H         SYMBOL        INITIAL_RUN_PHASE_DONE
  D:003BH         SYMBOL        INITIAL_RUN_ROT_CNTD
  C:0DA2H         SYMBOL        INIT_NO_SIGNAL
  C:11F1H         SYMBOL        INIT_START
  C:1235H         SYMBOL        INIT_START_BIDIR_DONE
  C:0DACH         SYMBOL        INPUT_HIGH_CHECK_1
  C:0DAEH         SYMBOL        INPUT_HIGH_CHECK_2
  C:0310H         SYMBOL        INT0_INT
  C:0429H         SYMBOL        INT0_INT_BIDIR_DO_DEADBAND
  C:0403H         SYMBOL        INT0_INT_BIDIR_FWD
  C:0408H         SYMBOL        INT0_INT_BIDIR_REV_CHK
  C:03EAH         SYMBOL        INT0_INT_CALCULATE
  C:03D0H         SYMBOL        INT0_INT_CHECK_FULL_RANGE
  C:0448H         SYMBOL        INT0_INT_DO_THROTTLE_GAIN
  C:04F5H         SYMBOL        INT0_INT_EXIT
  C:03ABH         SYMBOL        INT0_INT_FALL_GAIN_DONE
  C:0362H         SYMBOL        INT0_INT_FALL_NOT_MULTISHOT
  C:038CH         SYMBOL        INT0_INT_FALL_NOT_ONESHOT_125
  C:0374H         SYMBOL        INT0_INT_FALL_NOT_ONESHOT_42
  C:0481H         SYMBOL        INT0_INT_GAIN_LOOP
  C:0489H         SYMBOL        INT0_INT_GAIN_RCP_DONE
  C:043CH         SYMBOL        INT0_INT_NOT_BIDIR
  C:031FH         SYMBOL        INT0_INT_NOT_DSHOT
  C:03BAH         SYMBOL        INT0_INT_OUTSIDE_RANGE
  C:049EH         SYMBOL        INT0_INT_PULSE_READY
  C:03DFH         SYMBOL        INT0_INT_SET_MIN
  C:04D7H         SYMBOL        INT0_INT_SET_PWM_DAMP_SET
BL51 BANKED LINKER/LOCATER V6.22.2.0                                                  10/13/2019  12:56:47  PAGE 8


  C:04C0H         SYMBOL        INT0_INT_SET_PWM_REGISTERS
  C:04F2H         SYMBOL        INT0_INT_SET_TIMEOUT
  C:0467H         SYMBOL        INT0_INT_STARTUP_BOOSTED
  C:045EH         SYMBOL        INT0_INT_STARTUP_BOOST_STALL
  C:0440H         SYMBOL        INT0_INT_UNIDIR_NEG
  N:0000H         SYMBOL        INT0_IRQN
  C:04FFH         SYMBOL        INT1_INT
  N:0002H         SYMBOL        INT1_IRQN
  D:00B8H         SYMBOL        IP
  B:00B8H.4       SYMBOL        IP_PS0
  B:00B8H.6       SYMBOL        IP_PSPI0
  B:00B8H.1       SYMBOL        IP_PT0
  B:00B8H.3       SYMBOL        IP_PT1
  B:00B8H.5       SYMBOL        IP_PT2
  B:00B8H.0       SYMBOL        IP_PX0
  B:00B8H.2       SYMBOL        IP_PX1
  D:00E4H         SYMBOL        IT01CF
  N:0009H         SYMBOL        I_
  C:1384H         SYMBOL        JMP_WAIT_FOR_POWER_ON
  N:000AH         SYMBOL        J_
  N:000BH         SYMBOL        K_
  C:0D28H         SYMBOL        LED_0_DONE
  C:0D2DH         SYMBOL        LED_1_DONE
  C:0D32H         SYMBOL        LED_2_DONE
  C:0D37H         SYMBOL        LED_3_DONE
  C:0D20H         SYMBOL        LED_CONTROL
  D:00B1H         SYMBOL        LFO0CN
  C:0754H         SYMBOL        LOAD_MIN_TIME
  C:07A1H         SYMBOL        LOAD_MIN_TIME_FAST
  D:003FH         SYMBOL        LOW_RPM_PWR_SLOPE
  N:000CH         SYMBOL        L_
  C:1C84H         SYMBOL        MAI1
  C:1CA6H         SYMBOL        MAI2
  C:1CE0H         SYMBOL        MAI4
  C:1D37H         SYMBOL        MAI5
  C:1D48H         SYMBOL        MAI6
  C:1C82H         SYMBOL        MAIN
  D:0036H         SYMBOL        MAX_THROTTLE_H
  D:0035H         SYMBOL        MAX_THROTTLE_L
  N:0000H         SYMBOL        MCU_48MHZ
  D:0032H         SYMBOL        MIN_THROTTLE_H
  D:0031H         SYMBOL        MIN_THROTTLE_L
  N:0002H         SYMBOL        MOTOR_STARTED
  N:0001H         SYMBOL        MUX_A
  N:0003H         SYMBOL        MUX_B
  N:0005H         SYMBOL        MUX_C
  N:000DH         SYMBOL        M_
  D:0054H         SYMBOL        NEW_RCP
  C:12D3H         SYMBOL        NORMAL_RUN_CHECKS
  N:000EH         SYMBOL        N_
  N:000FH         SYMBOL        O_
  D:0080H         SYMBOL        P0
  D:00FEH         SYMBOL        P0MASK
  D:00FDH         SYMBOL        P0MAT
  D:00F1H         SYMBOL        P0MDIN
  D:00A4H         SYMBOL        P0MDOUT
  D:00D4H         SYMBOL        P0SKIP
BL51 BANKED LINKER/LOCATER V6.22.2.0                                                  10/13/2019  12:56:47  PAGE 9


  B:0080H.0       SYMBOL        P0_B0
  B:0080H.1       SYMBOL        P0_B1
  B:0080H.2       SYMBOL        P0_B2
  B:0080H.3       SYMBOL        P0_B3
  B:0080H.4       SYMBOL        P0_B4
  B:0080H.5       SYMBOL        P0_B5
  B:0080H.6       SYMBOL        P0_B6
  B:0080H.7       SYMBOL        P0_B7
  N:FFD1H         SYMBOL        P0_DIGITAL
  N:00FFH         SYMBOL        P0_INIT
  N:0000H         SYMBOL        P0_PUSHPULL
  N:00FFH         SYMBOL        P0_SKIP
  D:0090H         SYMBOL        P1
  D:00EEH         SYMBOL        P1MASK
  D:00EDH         SYMBOL        P1MAT
  D:00F2H         SYMBOL        P1MDIN
  D:00A5H         SYMBOL        P1MDOUT
  D:00D5H         SYMBOL        P1SKIP
  B:0090H.0       SYMBOL        P1_B0
  B:0090H.1       SYMBOL        P1_B1
  B:0090H.2       SYMBOL        P1_B2
  B:0090H.3       SYMBOL        P1_B3
  B:0090H.4       SYMBOL        P1_B4
  B:0090H.5       SYMBOL        P1_B5
  B:0090H.6       SYMBOL        P1_B6
  B:0090H.7       SYMBOL        P1_B7
  N:003FH         SYMBOL        P1_DIGITAL
  N:0007H         SYMBOL        P1_INIT
  N:003FH         SYMBOL        P1_PUSHPULL
  N:003FH         SYMBOL        P1_SKIP
  D:00A0H         SYMBOL        P2
  D:00A6H         SYMBOL        P2MDOUT
  B:00A0H.0       SYMBOL        P2_B0
  B:00A0H.1       SYMBOL        P2_B1
  N:0001H         SYMBOL        P2_PUSHPULL
  D:00F9H         SYMBOL        PCA0
  D:009EH         SYMBOL        PCA0CENT
  D:009CH         SYMBOL        PCA0CLR
  D:00D8H         SYMBOL        PCA0CN0
  B:00D8H.0       SYMBOL        PCA0CN0_CCF0
  B:00D8H.1       SYMBOL        PCA0CN0_CCF1
  B:00D8H.2       SYMBOL        PCA0CN0_CCF2
  B:00D8H.7       SYMBOL        PCA0CN0_CF
  B:00D8H.6       SYMBOL        PCA0CN0_CR
  D:00FBH         SYMBOL        PCA0CP0
  D:00E9H         SYMBOL        PCA0CP1
  D:00EBH         SYMBOL        PCA0CP2
  D:00FCH         SYMBOL        PCA0CPH0
  D:00EAH         SYMBOL        PCA0CPH1
  D:00ECH         SYMBOL        PCA0CPH2
  D:00FBH         SYMBOL        PCA0CPL0
  D:00E9H         SYMBOL        PCA0CPL1
  D:00EBH         SYMBOL        PCA0CPL2
  D:00DAH         SYMBOL        PCA0CPM0
  D:00DBH         SYMBOL        PCA0CPM1
  D:00DCH         SYMBOL        PCA0CPM2
  D:00FAH         SYMBOL        PCA0H
BL51 BANKED LINKER/LOCATER V6.22.2.0                                                  10/13/2019  12:56:47  PAGE 10


  D:00F9H         SYMBOL        PCA0L
  D:00D9H         SYMBOL        PCA0MD
  D:0096H         SYMBOL        PCA0POL
  D:00F7H         SYMBOL        PCA0PWM
  N:000BH         SYMBOL        PCA0_IRQN
  C:050EH         SYMBOL        PCA_INT
  C:0557H         SYMBOL        PCA_INT_EXIT
  C:0527H         SYMBOL        PCA_INT_HI_PWM
  C:052FH         SYMBOL        PCA_INT_SET_PWM
  D:0087H         SYMBOL        PCON0
  I:009AH         SYMBOL        PGM_BEACON_DELAY
  I:0099H         SYMBOL        PGM_BEACON_STRENGTH
  I:0098H         SYMBOL        PGM_BEEP_STRENGTH
  N:0002H         SYMBOL        PGM_BIDIR
  N:0001H         SYMBOL        PGM_BIDIR_REV
  I:00A4H         SYMBOL        PGM_BRAKE_ON_STOP
  I:009EH         SYMBOL        PGM_CENTER_THROTTLE
  I:0092H         SYMBOL        PGM_COMM_TIMING
  I:009CH         SYMBOL        PGM_DEMAG_COMP
  I:0088H         SYMBOL        PGM_DIRECTION
  N:0000H         SYMBOL        PGM_DIR_REV
  I:00A1H         SYMBOL        PGM_ENABLE_POWER_PROT
  I:00A0H         SYMBOL        PGM_ENABLE_TEMP_PROT
  I:008CH         SYMBOL        PGM_ENABLE_TX_PROGRAM
  I:0089H         SYMBOL        PGM_INPUT_POL
  I:00A5H         SYMBOL        PGM_LED_CONTROL
  I:0097H         SYMBOL        PGM_MAX_THROTTLE
  I:0096H         SYMBOL        PGM_MIN_THROTTLE
  C:0D38H         SYMBOL        PGM_START
  I:0086H         SYMBOL        PGM_STARTUP_PWR
  I:00A6H         SYMBOL        PGM_STARTUP_PWR_DECODED
  N:0008H         SYMBOL        PMATCH_IRQN
  N:A001H         SYMBOL        POLYNOM
  D:0038H         SYMBOL        POWER_ON_WAIT_CNT_H
  D:0037H         SYMBOL        POWER_ON_WAIT_CNT_L
  D:0057H         SYMBOL        POWER_PWM_REG_H
  D:0056H         SYMBOL        POWER_PWM_REG_L
  D:0043H         SYMBOL        PREV_COMM_H
  D:0042H         SYMBOL        PREV_COMM_L
  D:0044H         SYMBOL        PREV_COMM_X
  D:0046H         SYMBOL        PREV_PREV_COMM_H
  D:0045H         SYMBOL        PREV_PREV_COMM_L
  C:1D0BH         SYMBOL        PRO3
  C:1D17H         SYMBOL        PRO4
  C:1D1DH         SYMBOL        PRO5
  C:1D32H         SYMBOL        PRO6
  C:0FB4H         SYMBOL        PROGRAM_BY_TX_CHECKED
  C:0F9DH         SYMBOL        PROGRAM_BY_TX_ENTRY_LIMIT
  C:0FA3H         SYMBOL        PROGRAM_BY_TX_ENTRY_STORE
  C:0FACH         SYMBOL        PROGRAM_BY_TX_ENTRY_WAIT
  D:00F6H         SYMBOL        PRTDRV
  D:008FH         SYMBOL        PSCTL
  D:00D0H         SYMBOL        PSW
  B:00D0H.6       SYMBOL        PSW_AC
  B:00D0H.7       SYMBOL        PSW_CY
  B:00D0H.5       SYMBOL        PSW_F0
  B:00D0H.1       SYMBOL        PSW_F1
BL51 BANKED LINKER/LOCATER V6.22.2.0                                                  10/13/2019  12:56:47  PAGE 11


  B:00D0H.2       SYMBOL        PSW_OV
  B:00D0H.0       SYMBOL        PSW_PARITY
  B:00D0H.3       SYMBOL        PSW_RS0
  B:00D0H.4       SYMBOL        PSW_RS1
  C:1D58H         SYMBOL        PUT1
  C:1D6BH         SYMBOL        PUT2
  C:1D77H         SYMBOL        PUT3
  C:1D89H         SYMBOL        PUT4
  C:1D6EH         SYMBOL        PUTC
  C:1D52H         SYMBOL        PUTP
  C:1D4AH         SYMBOL        PUTW
  D:005BH         SYMBOL        PWM_LIMIT
  D:005DH         SYMBOL        PWM_LIMIT_BEG
  D:005CH         SYMBOL        PWM_LIMIT_BY_RPM
  N:0010H         SYMBOL        P_
  N:0011H         SYMBOL        Q_
  N:0005H         SYMBOL        RCP_DIR_REV
  N:0004H         SYMBOL        RCP_DSHOT
  N:0006H         SYMBOL        RCP_FULL_RANGE
  N:0000H         SYMBOL        RCP_IN
  N:0003H         SYMBOL        RCP_MULTISHOT
  N:0001H         SYMBOL        RCP_ONESHOT125
  N:0002H         SYMBOL        RCP_ONESHOT42
  D:0022H         SYMBOL        RCP_OUTSIDE_RANGE_CNT
  D:0055H         SYMBOL        RCP_STOP_CNT
  D:0023H         SYMBOL        RCP_TIMEOUT_CNTD
  N:0000H         SYMBOL        RCP_UPDATED
  C:1D3CH         SYMBOL        RD1
  C:1387H         SYMBOL        READ_ALL_EEPROM_PARAMETERS
  C:13B7H         SYMBOL        READ_EEPROM_BLOCK1
  C:13C4H         SYMBOL        READ_EEPROM_BLOCK2
  C:1407H         SYMBOL        READ_EEPROM_BYTE
  C:13CDH         SYMBOL        READ_EEPROM_EXIT
  C:13B0H         SYMBOL        READ_EEPROM_READ
  C:139DH         SYMBOL        READ_EEPROM_STORE_DEFAULTS
  C:120BH         SYMBOL        READ_INITIAL_TEMP
  C:1453H         SYMBOL        READ_TAG
  C:144AH         SYMBOL        READ_TAGS
  D:00D1H         SYMBOL        REF0CN
  D:00C9H         SYMBOL        REG0CN
  C:19FDH         SYMBOL        RESET
  D:00B6H         SYMBOL        REVID
  C:1CC9H         SYMBOL        RST
  D:00EFH         SYMBOL        RSTSRC
  D:00F1H         SYMBOL        RTX_MDIN
  D:00A4H         SYMBOL        RTX_MDOUT
  N:0000H         SYMBOL        RTX_PIN
  D:0080H         SYMBOL        RTX_PORT
  D:00D4H         SYMBOL        RTX_SKIP
  C:124FH         SYMBOL        RUN1
  C:125BH         SYMBOL        RUN2
  C:1273H         SYMBOL        RUN3
  C:127FH         SYMBOL        RUN4
  C:128BH         SYMBOL        RUN5
  C:1297H         SYMBOL        RUN6
  C:1332H         SYMBOL        RUN6_BRAKE_DONE
  C:130EH         SYMBOL        RUN6_CHECK_DIR
BL51 BANKED LINKER/LOCATER V6.22.2.0                                                  10/13/2019  12:56:47  PAGE 12


  C:131EH         SYMBOL        RUN6_CHECK_DIR_CHANGE
  C:1319H         SYMBOL        RUN6_CHECK_DIR_REV
  C:1328H         SYMBOL        RUN6_CHECK_SPEED
  C:130AH         SYMBOL        RUN6_CHECK_TIMEOUT
  C:1359H         SYMBOL        RUN_TO_WAIT_FOR_POWER_ON
  C:137AH         SYMBOL        RUN_TO_WAIT_FOR_POWER_ON_BRAKE_DONE
  C:1351H         SYMBOL        RUN_TO_WAIT_FOR_POWER_ON_FAIL
  C:135CH         SYMBOL        RUN_TO_WAIT_FOR_POWER_ON_STALL_DONE
  N:0012H         SYMBOL        R_
  D:0099H         SYMBOL        SBUF0
  C:0BABH         SYMBOL        SCALE_THROTTLE_CAL
  D:0098H         SYMBOL        SCON0
  B:0098H.5       SYMBOL        SCON0_MCE
  B:0098H.2       SYMBOL        SCON0_RB8
  B:0098H.4       SYMBOL        SCON0_REN
  B:0098H.0       SYMBOL        SCON0_RI
  B:0098H.7       SYMBOL        SCON0_SMODE
  B:0098H.3       SYMBOL        SCON0_TB8
  B:0098H.1       SYMBOL        SCON0_TI
  C:1CD1H         SYMBOL        SET4
  C:1CD7H         SYMBOL        SET5
  C:1CDDH         SYMBOL        SET6
  C:1CCBH         SYMBOL        SETBUF
  C:0977H         SYMBOL        SETUP_COMM_WAIT
  C:0872H         SYMBOL        SETUP_ZC_SCAN_TIMEOUT
  C:0896H         SYMBOL        SETUP_ZC_SCAN_TIMEOUT_STARTUP_DONE
  C:0B3FH         SYMBOL        SET_DEFAULT_PARAMETERS
  C:05B4H         SYMBOL        SET_PWM_LIMIT_HIGH_RPM
  C:05C4H         SYMBOL        SET_PWM_LIMIT_HIGH_RPM_INC_LIMIT
  C:05C5H         SYMBOL        SET_PWM_LIMIT_HIGH_RPM_STORE
  C:0584H         SYMBOL        SET_PWM_LIMIT_LOW_RPM
  C:05B1H         SYMBOL        SET_PWM_LIMIT_LOW_RPM_EXIT
  C:0635H         SYMBOL        SET_STARTUP_PWM
  N:00E8H         SYMBOL        SIGNATURE_001
  N:00B1H         SYMBOL        SIGNATURE_002
  D:0065H         SYMBOL        SKIP_T2_INT
  D:00D6H         SYMBOL        SMB0ADM
  D:00D7H         SYMBOL        SMB0ADR
  D:00C1H         SYMBOL        SMB0CF
  D:00C0H         SYMBOL        SMB0CN0
  B:00C0H.1       SYMBOL        SMB0CN0_ACK
  B:00C0H.3       SYMBOL        SMB0CN0_ACKRQ
  B:00C0H.2       SYMBOL        SMB0CN0_ARBLOST
  B:00C0H.7       SYMBOL        SMB0CN0_MASTER
  B:00C0H.0       SYMBOL        SMB0CN0_SI
  B:00C0H.5       SYMBOL        SMB0CN0_STA
  B:00C0H.4       SYMBOL        SMB0CN0_STO
  B:00C0H.6       SYMBOL        SMB0CN0_TXMODE
  D:00C2H         SYMBOL        SMB0DAT
  D:00ACH         SYMBOL        SMB0TC
  N:0007H         SYMBOL        SMBUS0_IRQN
  D:0081H         SYMBOL        SP
  D:00A1H         SYMBOL        SPI0CFG
  D:00A2H         SYMBOL        SPI0CKR
  D:00F8H         SYMBOL        SPI0CN0
  B:00F8H.5       SYMBOL        SPI0CN0_MODF
  B:00F8H.2       SYMBOL        SPI0CN0_NSSMD0
BL51 BANKED LINKER/LOCATER V6.22.2.0                                                  10/13/2019  12:56:47  PAGE 13


  B:00F8H.3       SYMBOL        SPI0CN0_NSSMD1
  B:00F8H.4       SYMBOL        SPI0CN0_RXOVRN
  B:00F8H.0       SYMBOL        SPI0CN0_SPIEN
  B:00F8H.7       SYMBOL        SPI0CN0_SPIF
  B:00F8H.1       SYMBOL        SPI0CN0_TXBMT
  B:00F8H.6       SYMBOL        SPI0CN0_WCOL
  D:00A3H         SYMBOL        SPI0DAT
  N:0006H         SYMBOL        SPI0_IRQN
  D:003CH         SYMBOL        STALL_CNT
  D:0039H         SYMBOL        STARTUP_CNT
  N:0000H         SYMBOL        STARTUP_PHASE
  C:0080H         SYMBOL        STARTUP_POWER_TABLE
  D:003AH         SYMBOL        STARTUP_ZC_TIMEOUT_CNTD
  C:05CAH         SYMBOL        START_ADC_CONVERSION
  C:0811H         SYMBOL        STORE_TIMES_DECREASE
  C:0864H         SYMBOL        STORE_TIMES_DECREASE_FAST
  C:0832H         SYMBOL        STORE_TIMES_EXIT
  C:0802H         SYMBOL        STORE_TIMES_INCREASE
  C:085BH         SYMBOL        STORE_TIMES_INCREASE_FAST
  C:07FCH         SYMBOL        STORE_TIMES_UP_OR_DOWN
  C:0855H         SYMBOL        STORE_TIMES_UP_OR_DOWN_FAST
  N:0030H         SYMBOL        SUCCESS
  C:1474H         SYMBOL        SUCCESS_BEEP
  C:14A3H         SYMBOL        SUCCESS_BEEP_INVERTED
  C:0B2FH         SYMBOL        SWITCH_POWER_OFF
  N:0013H         SYMBOL        S_
  C:023AH         SYMBOL        T1_DSHOT_INC_CMD_CNT
  C:0230H         SYMBOL        T1_DSHOT_SET_CMD
  C:008DH         SYMBOL        T1_INT
  C:0255H         SYMBOL        T1_INT_BIDIR_FWD
  C:025AH         SYMBOL        T1_INT_BIDIR_REV_CHK
  C:00EFH         SYMBOL        T1_INT_DECODE
  C:0175H         SYMBOL        T1_INT_DECODE_LSB
  C:00FAH         SYMBOL        T1_INT_DECODE_MSB
  C:02CCH         SYMBOL        T1_INT_FRAME_FAIL
  C:00C9H         SYMBOL        T1_INT_FRAME_TIME_SCALED
  C:016CH         SYMBOL        T1_INT_LSB_FAIL
  C:00F1H         SYMBOL        T1_INT_MSB_FAIL
  C:0266H         SYMBOL        T1_INT_NOT_BIDIR
  C:02A1H         SYMBOL        T1_INT_STARTUP_BOOSTED
  C:0297H         SYMBOL        T1_INT_STARTUP_BOOST_STALL
  C:01FDH         SYMBOL        T1_INT_XOR_OK
  C:02B6H         SYMBOL        T1_INT_ZERO_RCP_CHECKED
  C:023CH         SYMBOL        T1_NORMAL_RANGE
  C:02D5H         SYMBOL        T2_INT
  C:02F8H         SYMBOL        T2_INT_EXIT
  C:02EDH         SYMBOL        T2_INT_RCP_STOP
  C:02FDH         SYMBOL        T3_INT
  N:0000H         SYMBOL        T3_PENDING
  D:0088H         SYMBOL        TCON
  B:0088H.1       SYMBOL        TCON_IE0
  B:0088H.3       SYMBOL        TCON_IE1
  B:0088H.0       SYMBOL        TCON_IT0
  B:0088H.2       SYMBOL        TCON_IT1
  B:0088H.5       SYMBOL        TCON_TF0
  B:0088H.7       SYMBOL        TCON_TF1
  B:0088H.4       SYMBOL        TCON_TR0
BL51 BANKED LINKER/LOCATER V6.22.2.0                                                  10/13/2019  12:56:47  PAGE 14


  B:0088H.6       SYMBOL        TCON_TR1
  C:05FDH         SYMBOL        TEMP_AVERAGE_DEC
  C:0600H         SYMBOL        TEMP_AVERAGE_INC
  C:05F1H         SYMBOL        TEMP_AVERAGE_INC_DEC
  C:0607H         SYMBOL        TEMP_AVERAGE_UPDATED
  C:0605H         SYMBOL        TEMP_AVERAGE_UPDATED_LOAD_ACC
  C:0629H         SYMBOL        TEMP_CHECK_EXIT
  N:0031H         SYMBOL        TEMP_LIMIT
  N:0009H         SYMBOL        TEMP_LIMIT_STEP
  D:0069H         SYMBOL        TEMP_PROT_LIMIT
  I:00D0H         SYMBOL        TEMP_STORAGE
  C:0CCCH         SYMBOL        TEST_THROTTLE_GAIN
  C:0CD9H         SYMBOL        TEST_THROTTLE_GAIN_MULT
  D:008CH         SYMBOL        TH0
  D:008DH         SYMBOL        TH1
  D:0060H         SYMBOL        THROTTLE_GAIN
  D:0062H         SYMBOL        THROTTLE_GAIN_BD_REV
  D:0063H         SYMBOL        THROTTLE_GAIN_BD_REV_M
  D:0061H         SYMBOL        THROTTLE_GAIN_M
  C:0F33H         SYMBOL        THROTTLE_HIGH_CAL
  C:0F63H         SYMBOL        THROTTLE_LOW_CAL
  C:0F61H         SYMBOL        THROTTLE_LOW_CAL_START
  N:0001H         SYMBOL        TIMER0_IRQN
  D:0040H         SYMBOL        TIMER0_X
  N:0003H         SYMBOL        TIMER1_IRQN
  N:0005H         SYMBOL        TIMER2_IRQN
  D:0041H         SYMBOL        TIMER2_X
  N:000EH         SYMBOL        TIMER3_IRQN
  D:008AH         SYMBOL        TL0
  D:008BH         SYMBOL        TL1
  D:0089H         SYMBOL        TMOD
  D:00CCH         SYMBOL        TMR2
  D:00C8H         SYMBOL        TMR2CN0
  B:00C8H.3       SYMBOL        TMR2CN0_T2SPLIT
  B:00C8H.0       SYMBOL        TMR2CN0_T2XCLK
  B:00C8H.4       SYMBOL        TMR2CN0_TF2CEN
  B:00C8H.7       SYMBOL        TMR2CN0_TF2H
  B:00C8H.6       SYMBOL        TMR2CN0_TF2L
  B:00C8H.5       SYMBOL        TMR2CN0_TF2LEN
  B:00C8H.2       SYMBOL        TMR2CN0_TR2
  D:00CDH         SYMBOL        TMR2H
  D:00CCH         SYMBOL        TMR2L
  D:00CAH         SYMBOL        TMR2RL
  D:00CBH         SYMBOL        TMR2RLH
  D:00CAH         SYMBOL        TMR2RLL
  D:0094H         SYMBOL        TMR3
  D:0091H         SYMBOL        TMR3CN0
  D:0095H         SYMBOL        TMR3H
  D:0094H         SYMBOL        TMR3L
  D:0092H         SYMBOL        TMR3RL
  D:0093H         SYMBOL        TMR3RLH
  D:0092H         SYMBOL        TMR3RLL
  N:0014H         SYMBOL        T_
  N:0004H         SYMBOL        UART0_IRQN
  N:001AH         SYMBOL        UART_LOOP
  N:0015H         SYMBOL        U_
  C:0EF6H         SYMBOL        VALIDATE_RCP_START
BL51 BANKED LINKER/LOCATER V6.22.2.0                                                  10/13/2019  12:56:47  PAGE 15


  D:00FFH         SYMBOL        VDM0CN
  N:0016H         SYMBOL        V_
  C:1DE1H         SYMBOL        WAIT1
  C:0571H         SYMBOL        WAIT100MS
  C:0569H         SYMBOL        WAIT10MS
  C:0561H         SYMBOL        WAIT1MS
  C:146CH         SYMBOL        WAIT1S
  C:146EH         SYMBOL        WAIT1S_LOOP
  C:0575H         SYMBOL        WAIT200MS
  C:056DH         SYMBOL        WAIT30MS
  C:0565H         SYMBOL        WAIT3MS
  C:1DDBH         SYMBOL        WAITF
  C:1DDFH         SYMBOL        WAITH
  C:057BH         SYMBOL        WAITXMS_M
  C:0579H         SYMBOL        WAITXMS_O
  C:07A7H         SYMBOL        WAIT_ADVANCE_TIMING
  C:086AH         SYMBOL        WAIT_BEFORE_ZC_SCAN
  C:08B1H         SYMBOL        WAIT_BEFORE_ZC_SCAN_EXIT
  C:09B3H         SYMBOL        WAIT_FOR_COMM
  C:09EAH         SYMBOL        WAIT_FOR_COMM_WAIT
  C:08C2H         SYMBOL        WAIT_FOR_COMP_OUT_HIGH
  C:08B2H         SYMBOL        WAIT_FOR_COMP_OUT_LOW
  C:08D0H         SYMBOL        WAIT_FOR_COMP_OUT_START
  C:1C48H         SYMBOL        WAIT_FOR_LOW
  C:0FD6H         SYMBOL        WAIT_FOR_POWER_ON
  C:0FDBH         SYMBOL        WAIT_FOR_POWER_ON_LOOP
  C:103CH         SYMBOL        WAIT_FOR_POWER_ON_NONZERO
  C:102BH         SYMBOL        WAIT_FOR_POWER_ON_NOT_MISSING
  C:1021H         SYMBOL        WAIT_FOR_POWER_ON_NO_BEEP
  D:0097H         SYMBOL        WDTCN
  C:13ECH         SYMBOL        WRITE_EEPROM_BLOCK1
  C:13F9H         SYMBOL        WRITE_EEPROM_BLOCK2
  C:140BH         SYMBOL        WRITE_EEPROM_BYTE
  C:140CH         SYMBOL        WRITE_EEPROM_BYTE_FROM_ACC
  C:143BH         SYMBOL        WRITE_EEPROM_SIGNATURE
  C:1464H         SYMBOL        WRITE_TAG
  C:145DH         SYMBOL        WRITE_TAGS
  D:004BH         SYMBOL        WT_ADV_START_H
  D:004AH         SYMBOL        WT_ADV_START_L
  D:0051H         SYMBOL        WT_COMM_START_H
  D:0050H         SYMBOL        WT_COMM_START_L
  D:004DH         SYMBOL        WT_ZC_SCAN_START_H
  D:004CH         SYMBOL        WT_ZC_SCAN_START_L
  D:004FH         SYMBOL        WT_ZC_TOUT_START_H
  D:004EH         SYMBOL        WT_ZC_TOUT_START_L
  N:0017H         SYMBOL        W_
  D:00E1H         SYMBOL        XBR0
  D:00E2H         SYMBOL        XBR1
  D:00E3H         SYMBOL        XBR2
  N:7840H         SYMBOL        XTAL
  C:1A10H         SYMBOL        _EEP_MAIN_REARM_START
  C:1A20H         SYMBOL        _EEP_PGM_BEC_VOLTAGE_HIGH
  C:1A16H         SYMBOL        _EEP_PGM_DAMPING_FORCE
  C:1A25H         SYMBOL        _EEP_PGM_ENABLE_PWM_INPUT
  C:1A04H         SYMBOL        _EEP_PGM_GOV_I_GAIN
  C:1A05H         SYMBOL        _EEP_PGM_GOV_MODE
  C:1A03H         SYMBOL        _EEP_PGM_GOV_P_GAIN
BL51 BANKED LINKER/LOCATER V6.22.2.0                                                  10/13/2019  12:56:47  PAGE 16


  C:1A17H         SYMBOL        _EEP_PGM_GOV_RANGE
  C:1A11H         SYMBOL        _EEP_PGM_GOV_SETUP_TARGET
  C:1A0CH         SYMBOL        _EEP_PGM_INPUT_POL
  C:1A06H         SYMBOL        _EEP_PGM_LOW_VOLTAGE_LIM
  C:1A22H         SYMBOL        _EEP_PGM_MAIN_SPOOLUP_TIME
  C:1A07H         SYMBOL        _EEP_PGM_MOTOR_GAIN
  C:1A08H         SYMBOL        _EEP_PGM_MOTOR_IDLE
  C:1A26H         SYMBOL        _EEP_PGM_PWM_DITHER
  C:1A0AH         SYMBOL        _EEP_PGM_PWM_FREQ
  C:1A13H         SYMBOL        _EEP_PGM_STARTUP_ACCEL
  C:1A18H         SYMBOL        _EEP_PGM_STARTUP_METHOD
  C:1A12H         SYMBOL        _EEP_PGM_STARTUP_RPM
  C:1A1EH         SYMBOL        _EEP_PGM_THROTTLE_RATE
  C:1A14H         SYMBOL        _EEP_PGM_VOLT_COMP
  I:009DH         SYMBOL        _PGM_BEC_VOLTAGE_HIGH
  I:0093H         SYMBOL        _PGM_DAMPING_FORCE
  I:00A2H         SYMBOL        _PGM_ENABLE_PWM_INPUT
  I:0081H         SYMBOL        _PGM_GOV_I_GAIN
  I:0082H         SYMBOL        _PGM_GOV_MODE
  I:0080H         SYMBOL        _PGM_GOV_P_GAIN
  I:0094H         SYMBOL        _PGM_GOV_RANGE
  I:008EH         SYMBOL        _PGM_GOV_SETUP_TARGET
  I:0083H         SYMBOL        _PGM_LOW_VOLTAGE_LIM
  I:008DH         SYMBOL        _PGM_MAIN_REARM_START
  I:009FH         SYMBOL        _PGM_MAIN_SPOOLUP_TIME
  I:0084H         SYMBOL        _PGM_MOTOR_GAIN
  I:0085H         SYMBOL        _PGM_MOTOR_IDLE
  I:00A3H         SYMBOL        _PGM_PWM_DITHER
  I:0087H         SYMBOL        _PGM_PWM_FREQ
  I:0090H         SYMBOL        _PGM_STARTUP_ACCEL
  I:0095H         SYMBOL        _PGM_STARTUP_METHOD
  I:008FH         SYMBOL        _PGM_STARTUP_RPM
  I:009BH         SYMBOL        _PGM_THROTTLE_RATE
  I:0091H         SYMBOL        _PGM_VOLT_COMP
  C:0000H         LINE#         535
  C:0003H         LINE#         535
  C:0013H         LINE#         535
  C:001BH         LINE#         535
  C:002BH         LINE#         535
  C:005BH         LINE#         535
  C:0073H         LINE#         535
  C:008DH         LINE#         566
  C:008FH         LINE#         567
  C:0091H         LINE#         568
  C:0094H         LINE#         569
  C:0096H         LINE#         570
  C:0099H         LINE#         571
  C:009BH         LINE#         572
  C:009DH         LINE#         573
  C:009FH         LINE#         574
  C:00A1H         LINE#         575
  C:00A3H         LINE#         576
  C:00A5H         LINE#         577
  C:00A7H         LINE#         578
  C:00A9H         LINE#         579
  C:00ABH         LINE#         581
  C:00AEH         LINE#         583
BL51 BANKED LINKER/LOCATER V6.22.2.0                                                  10/13/2019  12:56:47  PAGE 17


  C:00AFH         LINE#         584
  C:00B0H         LINE#         585
  C:00B2H         LINE#         586
  C:00B3H         LINE#         587
  C:00B4H         LINE#         588
  C:00B6H         LINE#         589
  C:00B7H         LINE#         591
  C:00B8H         LINE#         592
  C:00B9H         LINE#         593
  C:00BAH         LINE#         594
  C:00BBH         LINE#         595
  C:00BCH         LINE#         596
  C:00BDH         LINE#         597
  C:00BEH         LINE#         598
  C:00C0H         LINE#         599
  C:00C2H         LINE#         601
  C:00C3H         LINE#         602
  C:00C4H         LINE#         603
  C:00C5H         LINE#         604
  C:00C6H         LINE#         605
  C:00C7H         LINE#         606
  C:00C8H         LINE#         607
  C:00C9H         LINE#         610
  C:00CAH         LINE#         611
  C:00CCH         LINE#         612
  C:00CDH         LINE#         613
  C:00CFH         LINE#         614
  C:00D1H         LINE#         615
  C:00D3H         LINE#         616
  C:00D5H         LINE#         619
  C:00D7H         LINE#         620
  C:00DAH         LINE#         623
  C:00DCH         LINE#         624
  C:00DEH         LINE#         625
  C:00E0H         LINE#         626
  C:00E2H         LINE#         627
  C:00E5H         LINE#         628
  C:00E7H         LINE#         629
  C:00E9H         LINE#         630
  C:00EBH         LINE#         632
  C:00ECH         LINE#         633
  C:00EDH         LINE#         634
  C:00EEH         LINE#         635
  C:00EFH         LINE#         638
  C:00F1H         LINE#         641
  C:00F4H         LINE#         642
  C:00F6H         LINE#         643
  C:00F8H         LINE#         644
  C:00FAH         LINE#         648
  C:00FBH         LINE#         648
  C:00FCH         LINE#         648
  C:00FDH         LINE#         648
  C:00FEH         LINE#         648
  C:00FFH         LINE#         648
  C:0100H         LINE#         648
  C:0102H         LINE#         648
  C:0103H         LINE#         648
BL51 BANKED LINKER/LOCATER V6.22.2.0                                                  10/13/2019  12:56:47  PAGE 18


  C:0104H         LINE#         648
  C:0105H         LINE#         648
  C:0106H         LINE#         648
  C:0108H         LINE#         648
  C:0109H         LINE#         648
  C:010AH         LINE#         648
  C:010BH         LINE#         648
  C:010CH         LINE#         648
  C:010DH         LINE#         648
  C:010EH         LINE#         648
  C:0110H         LINE#         648
  C:0111H         LINE#         648
  C:0112H         LINE#         648
  C:0113H         LINE#         648
  C:0114H         LINE#         648
  C:0116H         LINE#         649
  C:0117H         LINE#         649
  C:0118H         LINE#         649
  C:0119H         LINE#         649
  C:011AH         LINE#         649
  C:011BH         LINE#         649
  C:011CH         LINE#         649
  C:011EH         LINE#         649
  C:011FH         LINE#         649
  C:0120H         LINE#         649
  C:0121H         LINE#         649
  C:0122H         LINE#         649
  C:0124H         LINE#         649
  C:0125H         LINE#         649
  C:0126H         LINE#         649
  C:0127H         LINE#         649
  C:0128H         LINE#         649
  C:0129H         LINE#         649
  C:012AH         LINE#         649
  C:012CH         LINE#         649
  C:012DH         LINE#         649
  C:012EH         LINE#         649
  C:012FH         LINE#         649
  C:0130H         LINE#         649
  C:0132H         LINE#         650
  C:0133H         LINE#         650
  C:0134H         LINE#         650
  C:0135H         LINE#         650
  C:0136H         LINE#         650
  C:0137H         LINE#         650
  C:0138H         LINE#         650
  C:013AH         LINE#         650
  C:013BH         LINE#         650
  C:013CH         LINE#         650
  C:013DH         LINE#         650
  C:013EH         LINE#         650
  C:0140H         LINE#         650
  C:0141H         LINE#         650
  C:0142H         LINE#         650
  C:0143H         LINE#         650
  C:0144H         LINE#         650
  C:0145H         LINE#         650
BL51 BANKED LINKER/LOCATER V6.22.2.0                                                  10/13/2019  12:56:47  PAGE 19


  C:0146H         LINE#         650
  C:0148H         LINE#         650
  C:0149H         LINE#         650
  C:014AH         LINE#         650
  C:014BH         LINE#         650
  C:014CH         LINE#         650
  C:014EH         LINE#         651
  C:014FH         LINE#         651
  C:0150H         LINE#         651
  C:0151H         LINE#         651
  C:0152H         LINE#         651
  C:0153H         LINE#         651
  C:0154H         LINE#         651
  C:0156H         LINE#         651
  C:0157H         LINE#         651
  C:0158H         LINE#         651
  C:0159H         LINE#         651
  C:015AH         LINE#         651
  C:015CH         LINE#         651
  C:015DH         LINE#         651
  C:015EH         LINE#         651
  C:015FH         LINE#         651
  C:0160H         LINE#         651
  C:0161H         LINE#         651
  C:0162H         LINE#         651
  C:0164H         LINE#         651
  C:0165H         LINE#         651
  C:0166H         LINE#         651
  C:0167H         LINE#         651
  C:0168H         LINE#         651
  C:016AH         LINE#         652
  C:016CH         LINE#         655
  C:016FH         LINE#         656
  C:0171H         LINE#         657
  C:0173H         LINE#         658
  C:0175H         LINE#         662
  C:0176H         LINE#         662
  C:0177H         LINE#         662
  C:0178H         LINE#         662
  C:0179H         LINE#         662
  C:017AH         LINE#         662
  C:017BH         LINE#         662
  C:017DH         LINE#         662
  C:017EH         LINE#         662
  C:017FH         LINE#         662
  C:0180H         LINE#         662
  C:0181H         LINE#         662
  C:0183H         LINE#         662
  C:0184H         LINE#         662
  C:0185H         LINE#         662
  C:0186H         LINE#         662
  C:0187H         LINE#         662
  C:0188H         LINE#         662
  C:0189H         LINE#         662
  C:018BH         LINE#         662
  C:018CH         LINE#         662
  C:018DH         LINE#         662
BL51 BANKED LINKER/LOCATER V6.22.2.0                                                  10/13/2019  12:56:47  PAGE 20


  C:018EH         LINE#         662
  C:018FH         LINE#         662
  C:0191H         LINE#         663
  C:0192H         LINE#         663
  C:0193H         LINE#         663
  C:0194H         LINE#         663
  C:0195H         LINE#         663
  C:0196H         LINE#         663
  C:0197H         LINE#         663
  C:0199H         LINE#         663
  C:019AH         LINE#         663
  C:019BH         LINE#         663
  C:019CH         LINE#         663
  C:019DH         LINE#         663
  C:019FH         LINE#         663
  C:01A0H         LINE#         663
  C:01A1H         LINE#         663
  C:01A2H         LINE#         663
  C:01A3H         LINE#         663
  C:01A4H         LINE#         663
  C:01A5H         LINE#         663
  C:01A7H         LINE#         663
  C:01A8H         LINE#         663
  C:01A9H         LINE#         663
  C:01AAH         LINE#         663
  C:01ABH         LINE#         663
  C:01ADH         LINE#         664
  C:01AEH         LINE#         664
  C:01AFH         LINE#         664
  C:01B0H         LINE#         664
  C:01B1H         LINE#         664
  C:01B2H         LINE#         664
  C:01B3H         LINE#         664
  C:01B5H         LINE#         664
  C:01B6H         LINE#         664
  C:01B7H         LINE#         664
  C:01B8H         LINE#         664
  C:01B9H         LINE#         664
  C:01BBH         LINE#         664
  C:01BCH         LINE#         664
  C:01BDH         LINE#         664
  C:01BEH         LINE#         664
  C:01BFH         LINE#         664
  C:01C0H         LINE#         664
  C:01C1H         LINE#         664
  C:01C3H         LINE#         664
  C:01C4H         LINE#         664
  C:01C5H         LINE#         664
  C:01C6H         LINE#         664
  C:01C7H         LINE#         664
  C:01C9H         LINE#         665
  C:01CAH         LINE#         665
  C:01CBH         LINE#         665
  C:01CCH         LINE#         665
  C:01CDH         LINE#         665
  C:01CEH         LINE#         665
  C:01CFH         LINE#         665
BL51 BANKED LINKER/LOCATER V6.22.2.0                                                  10/13/2019  12:56:47  PAGE 21


  C:01D1H         LINE#         665
  C:01D2H         LINE#         665
  C:01D3H         LINE#         665
  C:01D4H         LINE#         665
  C:01D5H         LINE#         665
  C:01D7H         LINE#         665
  C:01D8H         LINE#         665
  C:01D9H         LINE#         665
  C:01DAH         LINE#         665
  C:01DBH         LINE#         665
  C:01DCH         LINE#         665
  C:01DDH         LINE#         665
  C:01DFH         LINE#         665
  C:01E0H         LINE#         665
  C:01E1H         LINE#         665
  C:01E2H         LINE#         665
  C:01E3H         LINE#         665
  C:01E5H         LINE#         667
  C:01E6H         LINE#         668
  C:01E7H         LINE#         669
  C:01E8H         LINE#         670
  C:01E9H         LINE#         671
  C:01EBH         LINE#         672
  C:01ECH         LINE#         673
  C:01EDH         LINE#         674
  C:01EEH         LINE#         675
  C:01F0H         LINE#         676
  C:01F1H         LINE#         677
  C:01F2H         LINE#         678
  C:01F4H         LINE#         680
  C:01F7H         LINE#         681
  C:01F9H         LINE#         682
  C:01FBH         LINE#         683
  C:01FDH         LINE#         687
  C:01FEH         LINE#         688
  C:01FFH         LINE#         689
  C:0200H         LINE#         690
  C:0202H         LINE#         691
  C:0203H         LINE#         692
  C:0204H         LINE#         693
  C:0205H         LINE#         694
  C:0206H         LINE#         695
  C:0208H         LINE#         696
  C:0209H         LINE#         697
  C:020AH         LINE#         698
  C:020BH         LINE#         699
  C:020CH         LINE#         700
  C:020DH         LINE#         701
  C:020FH         LINE#         702
  C:0210H         LINE#         704
  C:0211H         LINE#         705
  C:0212H         LINE#         706
  C:0213H         LINE#         707
  C:0215H         LINE#         708
  C:0216H         LINE#         709
  C:0217H         LINE#         710
  C:0219H         LINE#         711
BL51 BANKED LINKER/LOCATER V6.22.2.0                                                  10/13/2019  12:56:47  PAGE 22


  C:021AH         LINE#         712
  C:021CH         LINE#         714
  C:021DH         LINE#         715
  C:021EH         LINE#         716
  C:0220H         LINE#         717
  C:0222H         LINE#         718
  C:0224H         LINE#         719
  C:0226H         LINE#         721
  C:0227H         LINE#         722
  C:0228H         LINE#         723
  C:022AH         LINE#         725
  C:022BH         LINE#         726
  C:022CH         LINE#         727
  C:022EH         LINE#         728
  C:0230H         LINE#         731
  C:0231H         LINE#         732
  C:0233H         LINE#         733
  C:0236H         LINE#         734
  C:0238H         LINE#         735
  C:023AH         LINE#         738
  C:023CH         LINE#         742
  C:023FH         LINE#         745
  C:0240H         LINE#         746
  C:0241H         LINE#         747
  C:0243H         LINE#         748
  C:0244H         LINE#         749
  C:0245H         LINE#         750
  C:0247H         LINE#         751
  C:0248H         LINE#         752
  C:024AH         LINE#         754
  C:024BH         LINE#         755
  C:024CH         LINE#         756
  C:024DH         LINE#         757
  C:024EH         LINE#         758
  C:0251H         LINE#         760
  C:0253H         LINE#         761
  C:0255H         LINE#         764
  C:0258H         LINE#         766
  C:025AH         LINE#         769
  C:025DH         LINE#         771
  C:025FH         LINE#         773
  C:0260H         LINE#         774
  C:0261H         LINE#         775
  C:0262H         LINE#         776
  C:0263H         LINE#         777
  C:0264H         LINE#         778
  C:0265H         LINE#         779
  C:0266H         LINE#         782
  C:0267H         LINE#         783
  C:0268H         LINE#         784
  C:0269H         LINE#         785
  C:026AH         LINE#         786
  C:026BH         LINE#         788
  C:026CH         LINE#         789
  C:026DH         LINE#         790
  C:026EH         LINE#         791
  C:026FH         LINE#         792
BL51 BANKED LINKER/LOCATER V6.22.2.0                                                  10/13/2019  12:56:47  PAGE 23


  C:0270H         LINE#         793
  C:0271H         LINE#         794
  C:0272H         LINE#         796
  C:0273H         LINE#         797
  C:0274H         LINE#         798
  C:0275H         LINE#         799
  C:0276H         LINE#         800
  C:0278H         LINE#         801
  C:0279H         LINE#         802
  C:027CH         LINE#         804
  C:027EH         LINE#         805
  C:0280H         LINE#         808
  C:0282H         LINE#         809
  C:0284H         LINE#         810
  C:0286H         LINE#         812
  C:0289H         LINE#         814
  C:028BH         LINE#         815
  C:028CH         LINE#         816
  C:028DH         LINE#         817
  C:028EH         LINE#         818
  C:0290H         LINE#         820
  C:0291H         LINE#         821
  C:0292H         LINE#         822
  C:0293H         LINE#         823
  C:0295H         LINE#         825
  C:0296H         LINE#         826
  C:0297H         LINE#         829
  C:0299H         LINE#         830
  C:029AH         LINE#         831
  C:029BH         LINE#         832
  C:029CH         LINE#         833
  C:029DH         LINE#         834
  C:029EH         LINE#         835
  C:02A0H         LINE#         836
  C:02A1H         LINE#         840
  C:02A2H         LINE#         841
  C:02A3H         LINE#         842
  C:02A4H         LINE#         843
  C:02A5H         LINE#         844
  C:02A7H         LINE#         845
  C:02A8H         LINE#         846
  C:02A9H         LINE#         847
  C:02AAH         LINE#         848
  C:02ABH         LINE#         849
  C:02ADH         LINE#         850
  C:02AEH         LINE#         851
  C:02AFH         LINE#         852
  C:02B1H         LINE#         854
  C:02B2H         LINE#         855
  C:02B4H         LINE#         857
  C:02B6H         LINE#         862
  C:02B7H         LINE#         863
  C:02B8H         LINE#         864
  C:02B9H         LINE#         865
  C:02BAH         LINE#         866
  C:02BBH         LINE#         867
  C:02BCH         LINE#         868
BL51 BANKED LINKER/LOCATER V6.22.2.0                                                  10/13/2019  12:56:47  PAGE 24


  C:02BDH         LINE#         870
  C:02C0H         LINE#         871
  C:02C2H         LINE#         872
  C:02C4H         LINE#         874
  C:02C6H         LINE#         875
  C:02C8H         LINE#         877
  C:02CAH         LINE#         879
  C:02CCH         LINE#         882
  C:02CFH         LINE#         883
  C:02D1H         LINE#         884
  C:02D3H         LINE#         885
  C:02D5H         LINE#         897
  C:02D7H         LINE#         898
  C:02D9H         LINE#         899
  C:02DBH         LINE#         900
  C:02DDH         LINE#         916
  C:02DFH         LINE#         917
  C:02E1H         LINE#         919
  C:02E3H         LINE#         922
  C:02E4H         LINE#         923
  C:02E6H         LINE#         924
  C:02E8H         LINE#         927
  C:02EBH         LINE#         928
  C:02EDH         LINE#         932
  C:02EFH         LINE#         933
  C:02F1H         LINE#         934
  C:02F3H         LINE#         935
  C:02F5H         LINE#         937
  C:02F8H         LINE#         940
  C:02FAH         LINE#         941
  C:02FCH         LINE#         942
  C:02FDH         LINE#         955
  C:02FFH         LINE#         956
  C:0302H         LINE#         957
  C:0305H         LINE#         958
  C:0308H         LINE#         959
  C:030AH         LINE#         960
  C:030DH         LINE#         961
  C:030FH         LINE#         962
  C:0310H         LINE#         973
  C:0312H         LINE#         974
  C:0314H         LINE#         976
  C:0317H         LINE#         978
  C:031AH         LINE#         979
  C:031BH         LINE#         980
  C:031CH         LINE#         981
  C:031EH         LINE#         982
  C:031FH         LINE#         986
  C:0321H         LINE#         987
  C:0323H         LINE#         988
  C:0326H         LINE#         989
  C:0328H         LINE#         990
  C:032AH         LINE#         991
  C:032CH         LINE#         992
  C:032EH         LINE#         993
  C:0330H         LINE#         995
  C:0333H         LINE#         995
BL51 BANKED LINKER/LOCATER V6.22.2.0                                                  10/13/2019  12:56:47  PAGE 25


  C:0335H         LINE#         995
  C:0337H         LINE#         995
  C:033AH         LINE#         995
  C:033DH         LINE#         995
  C:0340H         LINE#         997
  C:0343H         LINE#         1000
  C:0344H         LINE#         1001
  C:0345H         LINE#         1002
  C:0347H         LINE#         1003
  C:0348H         LINE#         1004
  C:0349H         LINE#         1005
  C:034AH         LINE#         1006
  C:034CH         LINE#         1007
  C:034DH         LINE#         1008
  C:034EH         LINE#         1009
  C:034FH         LINE#         1010
  C:0350H         LINE#         1011
  C:0351H         LINE#         1012
  C:0352H         LINE#         1013
  C:0353H         LINE#         1014
  C:0354H         LINE#         1015
  C:0355H         LINE#         1016
  C:0356H         LINE#         1017
  C:0357H         LINE#         1018
  C:0358H         LINE#         1019
  C:0359H         LINE#         1020
  C:035AH         LINE#         1021
  C:035BH         LINE#         1022
  C:035CH         LINE#         1023
  C:035DH         LINE#         1025
  C:035FH         LINE#         1029
  C:0360H         LINE#         1030
  C:0362H         LINE#         1033
  C:0365H         LINE#         1036
  C:0366H         LINE#         1037
  C:0367H         LINE#         1038
  C:0368H         LINE#         1039
  C:0369H         LINE#         1040
  C:036AH         LINE#         1041
  C:036BH         LINE#         1042
  C:036CH         LINE#         1043
  C:036DH         LINE#         1044
  C:036EH         LINE#         1045
  C:036FH         LINE#         1046
  C:0371H         LINE#         1047
  C:0372H         LINE#         1048
  C:0374H         LINE#         1051
  C:0377H         LINE#         1054
  C:0378H         LINE#         1055
  C:037BH         LINE#         1056
  C:037CH         LINE#         1057
  C:037EH         LINE#         1058
  C:037FH         LINE#         1059
  C:0382H         LINE#         1060
  C:0383H         LINE#         1061
  C:0384H         LINE#         1062
  C:0385H         LINE#         1063
BL51 BANKED LINKER/LOCATER V6.22.2.0                                                  10/13/2019  12:56:47  PAGE 26


  C:0387H         LINE#         1064
  C:0389H         LINE#         1065
  C:038AH         LINE#         1066
  C:038CH         LINE#         1082
  C:038DH         LINE#         1084
  C:0390H         LINE#         1088
  C:0391H         LINE#         1089
  C:0393H         LINE#         1090
  C:0394H         LINE#         1092
  C:0397H         LINE#         1096
  C:0398H         LINE#         1097
  C:0399H         LINE#         1098
  C:039AH         LINE#         1099
  C:039CH         LINE#         1100
  C:039EH         LINE#         1101
  C:039FH         LINE#         1102
  C:03A0H         LINE#         1103
  C:03A1H         LINE#         1104
  C:03A2H         LINE#         1105
  C:03A3H         LINE#         1106
  C:03A4H         LINE#         1107
  C:03A5H         LINE#         1108
  C:03A6H         LINE#         1109
  C:03A7H         LINE#         1110
  C:03A8H         LINE#         1111
  C:03A9H         LINE#         1112
  C:03AAH         LINE#         1113
  C:03ABH         LINE#         1117
  C:03ACH         LINE#         1118
  C:03ADH         LINE#         1120
  C:03AFH         LINE#         1124
  C:03B1H         LINE#         1127
  C:03B2H         LINE#         1128
  C:03B3H         LINE#         1130
  C:03B5H         LINE#         1134
  C:03B6H         LINE#         1136
  C:03B8H         LINE#         1140
  C:03BAH         LINE#         1143
  C:03BCH         LINE#         1144
  C:03BEH         LINE#         1145
  C:03C0H         LINE#         1147
  C:03C2H         LINE#         1149
  C:03C3H         LINE#         1150
  C:03C5H         LINE#         1151
  C:03C7H         LINE#         1152
  C:03C9H         LINE#         1153
  C:03CBH         LINE#         1155
  C:03CEH         LINE#         1156
  C:03D0H         LINE#         1160
  C:03D2H         LINE#         1161
  C:03D4H         LINE#         1163
  C:03D6H         LINE#         1166
  C:03D9H         LINE#         1168
  C:03DBH         LINE#         1170
  C:03DDH         LINE#         1174
  C:03DFH         LINE#         1177
  C:03E1H         LINE#         1178
BL51 BANKED LINKER/LOCATER V6.22.2.0                                                  10/13/2019  12:56:47  PAGE 27


  C:03E3H         LINE#         1179
  C:03E6H         LINE#         1181
  C:03E8H         LINE#         1182
  C:03EAH         LINE#         1185
  C:03EBH         LINE#         1186
  C:03ECH         LINE#         1187
  C:03EDH         LINE#         1188
  C:03EEH         LINE#         1189
  C:03EFH         LINE#         1190
  C:03F0H         LINE#         1191
  C:03F1H         LINE#         1192
  C:03F3H         LINE#         1193
  C:03F5H         LINE#         1194
  C:03F7H         LINE#         1195
  C:03FAH         LINE#         1197
  C:03FCH         LINE#         1199
  C:03FFH         LINE#         1201
  C:0401H         LINE#         1202
  C:0403H         LINE#         1205
  C:0406H         LINE#         1207
  C:0408H         LINE#         1210
  C:040BH         LINE#         1212
  C:040DH         LINE#         1213
  C:040FH         LINE#         1215
  C:0412H         LINE#         1217
  C:0414H         LINE#         1219
  C:0415H         LINE#         1220
  C:0416H         LINE#         1221
  C:0417H         LINE#         1222
  C:0418H         LINE#         1223
  C:0419H         LINE#         1224
  C:041AH         LINE#         1225
  C:041BH         LINE#         1226
  C:041DH         LINE#         1227
  C:041FH         LINE#         1229
  C:0420H         LINE#         1230
  C:0421H         LINE#         1231
  C:0423H         LINE#         1232
  C:0424H         LINE#         1233
  C:0425H         LINE#         1234
  C:0426H         LINE#         1235
  C:0428H         LINE#         1236
  C:0429H         LINE#         1239
  C:042AH         LINE#         1240
  C:042BH         LINE#         1242
  C:042DH         LINE#         1246
  C:042EH         LINE#         1247
  C:042FH         LINE#         1248
  C:0431H         LINE#         1249
  C:0432H         LINE#         1250
  C:0434H         LINE#         1252
  C:0436H         LINE#         1253
  C:0438H         LINE#         1254
  C:043AH         LINE#         1255
  C:043CH         LINE#         1258
  C:043EH         LINE#         1259
  C:0440H         LINE#         1262
BL51 BANKED LINKER/LOCATER V6.22.2.0                                                  10/13/2019  12:56:47  PAGE 28


  C:0442H         LINE#         1263
  C:0444H         LINE#         1264
  C:0446H         LINE#         1265
  C:0448H         LINE#         1269
  C:044AH         LINE#         1270
  C:044CH         LINE#         1271
  C:044EH         LINE#         1273
  C:0451H         LINE#         1275
  C:0453H         LINE#         1279
  C:0454H         LINE#         1280
  C:0455H         LINE#         1281
  C:0457H         LINE#         1283
  C:0458H         LINE#         1284
  C:0459H         LINE#         1285
  C:045AH         LINE#         1286
  C:045CH         LINE#         1288
  C:045DH         LINE#         1289
  C:045EH         LINE#         1292
  C:0460H         LINE#         1293
  C:0461H         LINE#         1297
  C:0462H         LINE#         1298
  C:0463H         LINE#         1299
  C:0464H         LINE#         1300
  C:0466H         LINE#         1301
  C:0467H         LINE#         1304
  C:0468H         LINE#         1305
  C:046AH         LINE#         1306
  C:046BH         LINE#         1307
  C:046CH         LINE#         1308
  C:046EH         LINE#         1309
  C:046FH         LINE#         1310
  C:0471H         LINE#         1311
  C:0472H         LINE#         1312
  C:0473H         LINE#         1313
  C:0474H         LINE#         1314
  C:0476H         LINE#         1315
  C:0478H         LINE#         1316
  C:0479H         LINE#         1317
  C:047AH         LINE#         1318
  C:047BH         LINE#         1319
  C:047CH         LINE#         1320
  C:047DH         LINE#         1321
  C:047EH         LINE#         1322
  C:047FH         LINE#         1323
  C:0480H         LINE#         1333
  C:0481H         LINE#         1335
  C:0482H         LINE#         1336
  C:0483H         LINE#         1337
  C:0485H         LINE#         1339
  C:0486H         LINE#         1340
  C:0487H         LINE#         1341
  C:0488H         LINE#         1342
  C:0489H         LINE#         1345
  C:048AH         LINE#         1346
  C:048BH         LINE#         1347
  C:048CH         LINE#         1348
  C:048DH         LINE#         1349
BL51 BANKED LINKER/LOCATER V6.22.2.0                                                  10/13/2019  12:56:47  PAGE 29


  C:048EH         LINE#         1350
  C:048FH         LINE#         1351
  C:0490H         LINE#         1352
  C:0491H         LINE#         1353
  C:0492H         LINE#         1354
  C:0494H         LINE#         1356
  C:0495H         LINE#         1358
  C:0498H         LINE#         1363
  C:049AH         LINE#         1364
  C:049CH         LINE#         1366
  C:049EH         LINE#         1372
  C:04A0H         LINE#         1373
  C:04A2H         LINE#         1375
  C:04A3H         LINE#         1376
  C:04A5H         LINE#         1378
  C:04A8H         LINE#         1381
  C:04A9H         LINE#         1382
  C:04ABH         LINE#         1383
  C:04ACH         LINE#         1384
  C:04AEH         LINE#         1385
  C:04B0H         LINE#         1387
  C:04B2H         LINE#         1390
  C:04B3H         LINE#         1391
  C:04B4H         LINE#         1392
  C:04B6H         LINE#         1393
  C:04B8H         LINE#         1395
  C:04B9H         LINE#         1397
  C:04BCH         LINE#         1401
  C:04BDH         LINE#         1402
  C:04BEH         LINE#         1403
  C:04C0H         LINE#         1406
  C:04C1H         LINE#         1407
  C:04C2H         LINE#         1408
  C:04C3H         LINE#         1409
  C:04C4H         LINE#         1410
  C:04C5H         LINE#         1412
  C:04C7H         LINE#         1416
  C:04C8H         LINE#         1418
  C:04C9H         LINE#         1419
  C:04CAH         LINE#         1421
  C:04CCH         LINE#         1425
  C:04CDH         LINE#         1426
  C:04CEH         LINE#         1427
  C:04D0H         LINE#         1428
  C:04D1H         LINE#         1429
  C:04D3H         LINE#         1431
  C:04D5H         LINE#         1432
  C:04D7H         LINE#         1436
  C:04D9H         LINE#         1437
  C:04DBH         LINE#         1439
  C:04DDH         LINE#         1440
  C:04DFH         LINE#         1442
  C:04E2H         LINE#         1444
  C:04E4H         LINE#         1445
  C:04E6H         LINE#         1446
  C:04E8H         LINE#         1447
  C:04EBH         LINE#         1448
BL51 BANKED LINKER/LOCATER V6.22.2.0                                                  10/13/2019  12:56:47  PAGE 30


  C:04EEH         LINE#         1449
  C:04F1H         LINE#         1450
  C:04F2H         LINE#         1478
  C:04F5H         LINE#         1480
  C:04F7H         LINE#         1481
  C:04F9H         LINE#         1482
  C:04FBH         LINE#         1483
  C:04FEH         LINE#         1484
  C:04FFH         LINE#         1495
  C:0501H         LINE#         1496
  C:0503H         LINE#         1497
  C:0505H         LINE#         1498
  C:0508H         LINE#         1499
  C:050BH         LINE#         1500
  C:050DH         LINE#         1501
  C:050EH         LINE#         1512
  C:0510H         LINE#         1513
  C:0512H         LINE#         1514
  C:0514H         LINE#         1515
  C:0516H         LINE#         1519
  C:0518H         LINE#         1520
  C:051AH         LINE#         1522
  C:051DH         LINE#         1526
  C:051FH         LINE#         1528
  C:0522H         LINE#         1529
  C:0525H         LINE#         1534
  C:0527H         LINE#         1537
  C:0529H         LINE#         1539
  C:052CH         LINE#         1540
  C:052FH         LINE#         1547
  C:0530H         LINE#         1547
  C:0532H         LINE#         1547
  C:0533H         LINE#         1547
  C:0534H         LINE#         1547
  C:0536H         LINE#         1547
  C:0537H         LINE#         1547
  C:0539H         LINE#         1547
  C:053BH         LINE#         1548
  C:053CH         LINE#         1548
  C:053EH         LINE#         1548
  C:053FH         LINE#         1548
  C:0540H         LINE#         1548
  C:0542H         LINE#         1548
  C:0543H         LINE#         1548
  C:0545H         LINE#         1548
  C:0547H         LINE#         1549
  C:054AH         LINE#         1550
  C:054DH         LINE#         1561
  C:054FH         LINE#         1562
  C:0552H         LINE#         1563
  C:0554H         LINE#         1564
  C:0557H         LINE#         1566
  C:055AH         LINE#         1570
  C:055CH         LINE#         1571
  C:055EH         LINE#         1572
  C:0560H         LINE#         1573
  C:0561H         LINE#         1584
BL51 BANKED LINKER/LOCATER V6.22.2.0                                                  10/13/2019  12:56:47  PAGE 31


  C:0563H         LINE#         1585
  C:0565H         LINE#         1588
  C:0567H         LINE#         1589
  C:0569H         LINE#         1592
  C:056BH         LINE#         1593
  C:056DH         LINE#         1596
  C:056FH         LINE#         1597
  C:0571H         LINE#         1600
  C:0573H         LINE#         1601
  C:0575H         LINE#         1604
  C:0577H         LINE#         1605
  C:0579H         LINE#         1608
  C:057BH         LINE#         1610
  C:057CH         LINE#         1611
  C:057FH         LINE#         1612
  C:0581H         LINE#         1613
  C:0583H         LINE#         1614
  C:0584H         LINE#         1627
  C:0586H         LINE#         1628
  C:0589H         LINE#         1630
  C:058BH         LINE#         1631
  C:058CH         LINE#         1632
  C:058EH         LINE#         1634
  C:0590H         LINE#         1635
  C:0592H         LINE#         1637
  C:0594H         LINE#         1638
  C:0597H         LINE#         1639
  C:0598H         LINE#         1640
  C:059BH         LINE#         1641
  C:059EH         LINE#         1642
  C:05A1H         LINE#         1643
  C:05A2H         LINE#         1644
  C:05A3H         LINE#         1645
  C:05A5H         LINE#         1646
  C:05A7H         LINE#         1648
  C:05A9H         LINE#         1650
  C:05AAH         LINE#         1651
  C:05ABH         LINE#         1652
  C:05ADH         LINE#         1653
  C:05AFH         LINE#         1655
  C:05B1H         LINE#         1658
  C:05B3H         LINE#         1659
  C:05B4H         LINE#         1679
  C:05B5H         LINE#         1680
  C:05B7H         LINE#         1681
  C:05B9H         LINE#         1682
  C:05BBH         LINE#         1683
  C:05BDH         LINE#         1685
  C:05BFH         LINE#         1686
  C:05C1H         LINE#         1688
  C:05C2H         LINE#         1689
  C:05C4H         LINE#         1692
  C:05C5H         LINE#         1694
  C:05C7H         LINE#         1696
  C:05C9H         LINE#         1698
  C:05CAH         LINE#         1712
  C:05CDH         LINE#         1713
BL51 BANKED LINKER/LOCATER V6.22.2.0                                                  10/13/2019  12:56:47  PAGE 32


  C:05CEH         LINE#         1726
  C:05D0H         LINE#         1727
  C:05D1H         LINE#         1728
  C:05D3H         LINE#         1729
  C:05D5H         LINE#         1730
  C:05D7H         LINE#         1733
  C:05DAH         LINE#         1735
  C:05DCH         LINE#         1735
  C:05DEH         LINE#         1739
  C:05E1H         LINE#         1740
  C:05E2H         LINE#         1741
  C:05E3H         LINE#         1742
  C:05E5H         LINE#         1743
  C:05E6H         LINE#         1744
  C:05E8H         LINE#         1746
  C:05E9H         LINE#         1747
  C:05EBH         LINE#         1749
  C:05EDH         LINE#         1750
  C:05EFH         LINE#         1751
  C:05F1H         LINE#         1754
  C:05F2H         LINE#         1755
  C:05F3H         LINE#         1756
  C:05F5H         LINE#         1757
  C:05F7H         LINE#         1759
  C:05F9H         LINE#         1760
  C:05FBH         LINE#         1762
  C:05FDH         LINE#         1764
  C:05FEH         LINE#         1765
  C:0600H         LINE#         1768
  C:0601H         LINE#         1769
  C:0603H         LINE#         1770
  C:0605H         LINE#         1773
  C:0607H         LINE#         1775
  C:0609H         LINE#         1776
  C:060AH         LINE#         1777
  C:060CH         LINE#         1778
  C:060EH         LINE#         1780
  C:0611H         LINE#         1782
  C:0612H         LINE#         1783
  C:0614H         LINE#         1784
  C:0616H         LINE#         1786
  C:0619H         LINE#         1788
  C:061AH         LINE#         1789
[...]
  C:0F6AH         LINE#         3796
  C:0F6CH         LINE#         3797
  C:0F6EH         LINE#         3798
  C:0F70H         LINE#         3799
  C:0F71H         LINE#         3800
  C:0F73H         LINE#         3801
  C:0F75H         LINE#         3802
  C:0F77H         LINE#         3803
  C:0F79H         LINE#         3805
  C:0F7CH         LINE#         3806
  C:0F7EH         LINE#         3807
  C:0F80H         LINE#         3808
  C:0F83H         LINE#         3809
  C:0F85H         LINE#         3810
  C:0F87H         LINE#         3811
  C:0F89H         LINE#         3813
  C:0F8BH         LINE#         3814
  C:0F8CH         LINE#         3815
  C:0F8EH         LINE#         3816
  C:0F90H         LINE#         3817
  C:0F91H         LINE#         3818
  C:0F92H         LINE#         3819
  C:0F94H         LINE#         3820
  C:0F95H         LINE#         3821
  C:0F96H         LINE#         3822
  C:0F98H         LINE#         3823
  C:0F9AH         LINE#         3824
  C:0F9BH         LINE#         3825
  C:0F9DH         LINE#         3828
  C:0F9EH         LINE#         3829
  C:0FA0H         LINE#         3830
  C:0FA2H         LINE#         3831
  C:0FA3H         LINE#         3834
  C:0FA6H         LINE#         3835
  C:0FA9H         LINE#         3836
  C:0FACH         LINE#         3839
  C:0FAFH         LINE#         3840
  C:0FB1H         LINE#         3841
  C:0FB4H         LINE#         3845
BL51 BANKED LINKER/LOCATER V6.22.2.0                                                  10/13/2019  12:56:47  PAGE 56


  C:0FB7H         LINE#         3846
  C:0FBAH         LINE#         3847
  C:0FBDH         LINE#         3848
  C:0FBEH         LINE#         3849
  C:0FC0H         LINE#         3850
  C:0FC2H         LINE#         3851
  C:0FC4H         LINE#         3853
  C:0FC6H         LINE#         3857
  C:0FC8H         LINE#         3858
  C:0FCAH         LINE#         3859
  C:0FCCH         LINE#         3860
  C:0FCEH         LINE#         3861
  C:0FD0H         LINE#         3862
  C:0FD3H         LINE#         3865
  C:0FD6H         LINE#         3869
  C:0FD7H         LINE#         3870
  C:0FD9H         LINE#         3871
  C:0FDBH         LINE#         3873
  C:0FDDH         LINE#         3874
  C:0FDFH         LINE#         3875
  C:0FE0H         LINE#         3876
  C:0FE2H         LINE#         3878
  C:0FE4H         LINE#         3879
  C:0FE6H         LINE#         3880
  C:0FE7H         LINE#         3881
  C:0FE9H         LINE#         3882
  C:0FEAH         LINE#         3883
  C:0FECH         LINE#         3885
  C:0FEEH         LINE#         3886
  C:0FEFH         LINE#         3887
  C:0FF1H         LINE#         3889
  C:0FF3H         LINE#         3890
  C:0FF4H         LINE#         3891
  C:0FF6H         LINE#         3893
  C:0FF8H         LINE#         3894
  C:0FF9H         LINE#         3895
  C:0FFBH         LINE#         3897
  C:0FFEH         LINE#         3900
  C:0FFFH         LINE#         3901
  C:1001H         LINE#         3902
  C:1002H         LINE#         3903
  C:1004H         LINE#         3905
  C:1007H         LINE#         3906
  C:100AH         LINE#         3907
  C:100CH         LINE#         3908
  C:100FH         LINE#         3909
  C:1011H         LINE#         3910
  C:1013H         LINE#         3911
  C:1015H         LINE#         3912
  C:1018H         LINE#         3913
  C:101AH         LINE#         3914
  C:101CH         LINE#         3915
  C:101EH         LINE#         3916
  C:1021H         LINE#         3919
  C:1024H         LINE#         3920
  C:1026H         LINE#         3921
  C:1028H         LINE#         3923
BL51 BANKED LINKER/LOCATER V6.22.2.0                                                  10/13/2019  12:56:47  PAGE 57


  C:102BH         LINE#         3926
  C:102CH         LINE#         3927
  C:102EH         LINE#         3928
  C:1030H         LINE#         3929
  C:1032H         LINE#         3931
  C:1033H         LINE#         3932
  C:1035H         LINE#         3933
  C:1037H         LINE#         3934
  C:1039H         LINE#         3936
  C:103CH         LINE#         3939
  C:103FH         LINE#         3940
  C:1041H         LINE#         3941
  C:1043H         LINE#         3942
  C:1046H         LINE#         3944
  C:1049H         LINE#         3945
  C:104CH         LINE#         3946
  C:104FH         LINE#         3949
  C:1050H         LINE#         3950
  C:1052H         LINE#         3951
  C:1054H         LINE#         3952
  C:1056H         LINE#         3954
  C:1058H         LINE#         3955
  C:105BH         LINE#         3956
  C:105DH         LINE#         3957
  C:105FH         LINE#         3958
  C:1062H         LINE#         3959
  C:1064H         LINE#         3960
  C:1066H         LINE#         3961
  C:1068H         LINE#         3962
  C:106BH         LINE#         3963
  C:106DH         LINE#         3966
  C:106EH         LINE#         3967
  C:1070H         LINE#         3968
  C:1072H         LINE#         3969
  C:1074H         LINE#         3971
  C:1076H         LINE#         3972
  C:1079H         LINE#         3973
  C:107BH         LINE#         3974
  C:107DH         LINE#         3975
  C:1080H         LINE#         3976
  C:1082H         LINE#         3977
  C:1084H         LINE#         3978
  C:1086H         LINE#         3979
  C:1089H         LINE#         3980
  C:108BH         LINE#         3983
  C:108CH         LINE#         3984
  C:108EH         LINE#         3985
  C:1090H         LINE#         3986
  C:1092H         LINE#         3988
  C:1094H         LINE#         3989
  C:1097H         LINE#         3990
  C:1099H         LINE#         3991
  C:109BH         LINE#         3992
  C:109EH         LINE#         3993
  C:10A0H         LINE#         3994
  C:10A2H         LINE#         3995
  C:10A4H         LINE#         3996
BL51 BANKED LINKER/LOCATER V6.22.2.0                                                  10/13/2019  12:56:47  PAGE 58


  C:10A7H         LINE#         3997
  C:10A9H         LINE#         4000
  C:10AAH         LINE#         4001
  C:10ACH         LINE#         4002
  C:10AEH         LINE#         4003
  C:10B0H         LINE#         4005
  C:10B2H         LINE#         4006
  C:10B5H         LINE#         4007
  C:10B7H         LINE#         4008
  C:10B9H         LINE#         4009
  C:10BCH         LINE#         4010
  C:10BEH         LINE#         4011
  C:10C0H         LINE#         4012
  C:10C2H         LINE#         4013
  C:10C5H         LINE#         4014
  C:10C7H         LINE#         4017
  C:10C8H         LINE#         4018
  C:10CAH         LINE#         4019
  C:10CCH         LINE#         4020
  C:10CEH         LINE#         4022
  C:10D0H         LINE#         4023
  C:10D3H         LINE#         4024
  C:10D5H         LINE#         4025
  C:10D7H         LINE#         4026
  C:10DAH         LINE#         4027
  C:10DCH         LINE#         4028
  C:10DEH         LINE#         4029
  C:10E0H         LINE#         4030
  C:10E3H         LINE#         4031
  C:10E5H         LINE#         4034
  C:10E6H         LINE#         4035
  C:10E8H         LINE#         4036
  C:10EAH         LINE#         4037
  C:10ECH         LINE#         4039
  C:10EDH         LINE#         4040
  C:10EFH         LINE#         4041
  C:10F1H         LINE#         4042
  C:10F3H         LINE#         4043
  C:10F5H         LINE#         4045
  C:10F7H         LINE#         4046
  C:10FAH         LINE#         4047
  C:10FCH         LINE#         4048
  C:10FEH         LINE#         4049
  C:10FFH         LINE#         4050
  C:1101H         LINE#         4051
  C:1103H         LINE#         4052
  C:1105H         LINE#         4055
  C:1106H         LINE#         4056
  C:1108H         LINE#         4057
  C:110AH         LINE#         4058
  C:110CH         LINE#         4060
  C:110DH         LINE#         4061
  C:110FH         LINE#         4062
  C:1111H         LINE#         4063
  C:1113H         LINE#         4064
  C:1115H         LINE#         4066
  C:1117H         LINE#         4067
BL51 BANKED LINKER/LOCATER V6.22.2.0                                                  10/13/2019  12:56:47  PAGE 59


  C:111AH         LINE#         4068
  C:111CH         LINE#         4069
  C:111EH         LINE#         4070
  C:111FH         LINE#         4071
  C:1121H         LINE#         4072
  C:1123H         LINE#         4073
  C:1125H         LINE#         4076
  C:1126H         LINE#         4077
  C:1128H         LINE#         4078
  C:112AH         LINE#         4079
  C:112CH         LINE#         4081
  C:112DH         LINE#         4082
  C:112FH         LINE#         4083
  C:1131H         LINE#         4084
  C:1133H         LINE#         4085
  C:1135H         LINE#         4087
  C:1138H         LINE#         4089
  C:1139H         LINE#         4090
  C:113BH         LINE#         4091
  C:113CH         LINE#         4092
  C:113EH         LINE#         4093
  C:113FH         LINE#         4094
  C:1141H         LINE#         4095
  C:1143H         LINE#         4098
  C:1144H         LINE#         4099
  C:1146H         LINE#         4100
  C:1148H         LINE#         4101
  C:114AH         LINE#         4103
  C:114BH         LINE#         4104
  C:114DH         LINE#         4105
  C:114FH         LINE#         4106
  C:1151H         LINE#         4107
  C:1153H         LINE#         4109
  C:1156H         LINE#         4111
  C:1158H         LINE#         4112
  C:1159H         LINE#         4113
  C:115BH         LINE#         4114
  C:115CH         LINE#         4115
  C:115EH         LINE#         4116
  C:1160H         LINE#         4119
  C:1161H         LINE#         4120
  C:1163H         LINE#         4121
  C:1165H         LINE#         4122
  C:1167H         LINE#         4124
  C:1168H         LINE#         4125
  C:116AH         LINE#         4126
  C:116CH         LINE#         4127
  C:116EH         LINE#         4128
  C:1170H         LINE#         4130
  C:1172H         LINE#         4131
  C:1175H         LINE#         4132
  C:1177H         LINE#         4133
  C:1178H         LINE#         4134
  C:117AH         LINE#         4135
  C:117CH         LINE#         4136
  C:117DH         LINE#         4137
  C:117EH         LINE#         4138
BL51 BANKED LINKER/LOCATER V6.22.2.0                                                  10/13/2019  12:56:47  PAGE 60


  C:1180H         LINE#         4139
  C:1182H         LINE#         4140
  C:1184H         LINE#         4141
  C:1186H         LINE#         4142
  C:1188H         LINE#         4143
  C:118AH         LINE#         4144
  C:118CH         LINE#         4147
  C:118DH         LINE#         4148
  C:118FH         LINE#         4149
  C:1191H         LINE#         4150
  C:1193H         LINE#         4152
  C:1194H         LINE#         4153
  C:1196H         LINE#         4154
  C:1198H         LINE#         4155
  C:119AH         LINE#         4157
  C:119CH         LINE#         4158
  C:119FH         LINE#         4159
  C:11A1H         LINE#         4160
  C:11A2H         LINE#         4161
  C:11A4H         LINE#         4162
  C:11A5H         LINE#         4163
  C:11A8H         LINE#         4164
  C:11AAH         LINE#         4165
  C:11ADH         LINE#         4166
  C:11AFH         LINE#         4167
  C:11B2H         LINE#         4168
  C:11B4H         LINE#         4169
  C:11B7H         LINE#         4170
  C:11B9H         LINE#         4171
  C:11BBH         LINE#         4172
  C:11BCH         LINE#         4173
  C:11BDH         LINE#         4174
  C:11BFH         LINE#         4175
  C:11C1H         LINE#         4176
  C:11C3H         LINE#         4177
  C:11C5H         LINE#         4178
  C:11C7H         LINE#         4179
  C:11C9H         LINE#         4180
  C:11CBH         LINE#         4183
  C:11CCH         LINE#         4184
  C:11CEH         LINE#         4185
  C:11D0H         LINE#         4186
  C:11D2H         LINE#         4188
  C:11D5H         LINE#         4189
  C:11D8H         LINE#         4190
  C:11D9H         LINE#         4191
  C:11DBH         LINE#         4192
  C:11DDH         LINE#         4193
  C:11DFH         LINE#         4195
  C:11E1H         LINE#         4196
  C:11E3H         LINE#         4199
  C:11E6H         LINE#         4200
  C:11E9H         LINE#         4203
  C:11ECH         LINE#         4204
  C:11EFH         LINE#         4205
  C:11F1H         LINE#         4213
  C:11F3H         LINE#         4214
BL51 BANKED LINKER/LOCATER V6.22.2.0                                                  10/13/2019  12:56:47  PAGE 61


  C:11F6H         LINE#         4215
  C:11F7H         LINE#         4216
  C:11F9H         LINE#         4217
  C:11FAH         LINE#         4218
  C:11FCH         LINE#         4219
  C:11FEH         LINE#         4220
  C:1200H         LINE#         4221
  C:1202H         LINE#         4225
  C:1205H         LINE#         4226
  C:1208H         LINE#         4227
  C:120BH         LINE#         4229
  C:120EH         LINE#         4230
  C:1210H         LINE#         4230
  C:1212H         LINE#         4231
  C:1213H         LINE#         4232
  C:1215H         LINE#         4234
  C:1216H         LINE#         4236
  C:1218H         LINE#         4237
  C:121BH         LINE#         4238
  C:121EH         LINE#         4240
  C:1220H         LINE#         4241
  C:1223H         LINE#         4242
  C:1226H         LINE#         4243
  C:1229H         LINE#         4244
  C:122BH         LINE#         4249
  C:122EH         LINE#         4251
  C:1230H         LINE#         4252
  C:1233H         LINE#         4253
  C:1235H         LINE#         4256
  C:1237H         LINE#         4257
  C:123AH         LINE#         4258
  C:123DH         LINE#         4259
  C:1240H         LINE#         4260
  C:1243H         LINE#         4261
  C:1246H         LINE#         4262
  C:1249H         LINE#         4263
  C:124CH         LINE#         4264
  C:124FH         LINE#         4277
  C:1252H         LINE#         4280
  C:1255H         LINE#         4281
  C:1258H         LINE#         4282
  C:125BH         LINE#         4290
  C:125EH         LINE#         4293
  C:1261H         LINE#         4294
  C:1264H         LINE#         4295
  C:1267H         LINE#         4296
  C:126AH         LINE#         4297
  C:126DH         LINE#         4298
  C:1270H         LINE#         4299
  C:1273H         LINE#         4307
  C:1276H         LINE#         4310
  C:1279H         LINE#         4311
  C:127CH         LINE#         4312
  C:127FH         LINE#         4320
  C:1282H         LINE#         4323
  C:1285H         LINE#         4324
  C:1288H         LINE#         4325
BL51 BANKED LINKER/LOCATER V6.22.2.0                                                  10/13/2019  12:56:47  PAGE 62


  C:128BH         LINE#         4333
  C:128EH         LINE#         4336
  C:1291H         LINE#         4337
  C:1294H         LINE#         4338
  C:1297H         LINE#         4346
  C:129AH         LINE#         4347
  C:129DH         LINE#         4350
  C:12A0H         LINE#         4351
  C:12A3H         LINE#         4352
  C:12A6H         LINE#         4353
  C:12A9H         LINE#         4359
  C:12ACH         LINE#         4362
  C:12AFH         LINE#         4364
  C:12B1H         LINE#         4365
  C:12B3H         LINE#         4366
  C:12B4H         LINE#         4367
  C:12B6H         LINE#         4368
  C:12B7H         LINE#         4369
  C:12B9H         LINE#         4371
  C:12BBH         LINE#         4372
  C:12BDH         LINE#         4373
  C:12BFH         LINE#         4374
  C:12C2H         LINE#         4375
  C:12C5H         LINE#         4376
  C:12C7H         LINE#         4379
  C:12C8H         LINE#         4380
  C:12CAH         LINE#         4381
  C:12CCH         LINE#         4382
  C:12CEH         LINE#         4384
  C:12D1H         LINE#         4386
  C:12D3H         LINE#         4391
  C:12D6H         LINE#         4392
  C:12D9H         LINE#         4395
  C:12DBH         LINE#         4396
  C:12DCH         LINE#         4398
  C:12DEH         LINE#         4400
  C:12E0H         LINE#         4401
  C:12E2H         LINE#         4402
  C:12E4H         LINE#         4405
  C:12E6H         LINE#         4407
  C:12E9H         LINE#         4409
  C:12EAH         LINE#         4410
  C:12ECH         LINE#         4411
  C:12EEH         LINE#         4412
  C:12F0H         LINE#         4415
  C:12F3H         LINE#         4417
  C:12F5H         LINE#         4421
  C:12F8H         LINE#         4423
  C:12FBH         LINE#         4425
  C:12FDH         LINE#         4426
  C:12FFH         LINE#         4427
  C:1300H         LINE#         4428
  C:1302H         LINE#         4430
  C:1304H         LINE#         4432
  C:1305H         LINE#         4433
  C:1307H         LINE#         4434
  C:1308H         LINE#         4435
BL51 BANKED LINKER/LOCATER V6.22.2.0                                                  10/13/2019  12:56:47  PAGE 63


  C:130AH         LINE#         4438
  C:130CH         LINE#         4439
  C:130EH         LINE#         4442
  C:1311H         LINE#         4444
  C:1314H         LINE#         4445
  C:1317H         LINE#         4446
  C:1319H         LINE#         4449
  C:131CH         LINE#         4450
  C:131EH         LINE#         4453
  C:1321H         LINE#         4455
  C:1323H         LINE#         4456
  C:1326H         LINE#         4457
  C:1328H         LINE#         4460
  C:132AH         LINE#         4461
  C:132DH         LINE#         4463
  C:1330H         LINE#         4464
  C:1332H         LINE#         4467
  C:1333H         LINE#         4468
  C:1335H         LINE#         4469
  C:1336H         LINE#         4470
  C:1338H         LINE#         4471
  C:133BH         LINE#         4473
  C:133EH         LINE#         4475
  C:1340H         LINE#         4476
  C:1342H         LINE#         4477
  C:1345H         LINE#         4478
  C:1347H         LINE#         4479
  C:1349H         LINE#         4480
  C:134CH         LINE#         4481
  C:134FH         LINE#         4482
  C:1351H         LINE#         4485
  C:1353H         LINE#         4486
  C:1355H         LINE#         4487
  C:1357H         LINE#         4488
  C:1359H         LINE#         4491
  C:135CH         LINE#         4494
  C:135EH         LINE#         4495
  C:1361H         LINE#         4496
  C:1364H         LINE#         4497
  C:1367H         LINE#         4501
  C:1369H         LINE#         4502
  C:136CH         LINE#         4503
  C:136FH         LINE#         4504
  C:1371H         LINE#         4505
  C:1372H         LINE#         4506
  C:1374H         LINE#         4508
  C:1376H         LINE#         4509
  C:1378H         LINE#         4510
  C:137AH         LINE#         4513
  C:137BH         LINE#         4514
  C:137DH         LINE#         4515
  C:137FH         LINE#         4516
  C:1381H         LINE#         4517
  C:1384H         LINE#         4520
  C:19FDH         LINE#         4533
  -------         ENDMOD        BLHELI_S

BL51 BANKED LINKER/LOCATER V6.22.2.0                                                  10/13/2019  12:56:47  PAGE 64


Program Size: data=169.0 xdata=0 code=5812
LINK/LOCATE RUN COMPLETE.  0 WARNING(S),  0 ERROR(S)
